Component: Arm Compiler for Embedded 6.22 Tool: armlink [5ee90200]

==============================================================================

Section Cross References

    startup_stm32h723xx.o(STACK) refers (Special) to heapauxi.o(.text) for __use_two_region_memory
    startup_stm32h723xx.o(HEAP) refers (Special) to heapauxi.o(.text) for __use_two_region_memory
    startup_stm32h723xx.o(RESET) refers (Special) to heapauxi.o(.text) for __use_two_region_memory
    startup_stm32h723xx.o(RESET) refers to startup_stm32h723xx.o(STACK) for __initial_sp
    startup_stm32h723xx.o(RESET) refers to startup_stm32h723xx.o(.text) for Reset_Handler
    startup_stm32h723xx.o(RESET) refers to stm32h7xx_it.o(.text.NMI_Handler) for NMI_Handler
    startup_stm32h723xx.o(RESET) refers to stm32h7xx_it.o(.text.HardFault_Handler) for HardFault_Handler
    startup_stm32h723xx.o(RESET) refers to stm32h7xx_it.o(.text.MemManage_Handler) for MemManage_Handler
    startup_stm32h723xx.o(RESET) refers to stm32h7xx_it.o(.text.BusFault_Handler) for BusFault_Handler
    startup_stm32h723xx.o(RESET) refers to stm32h7xx_it.o(.text.UsageFault_Handler) for UsageFault_Handler
    startup_stm32h723xx.o(RESET) refers to stm32h7xx_it.o(.text.SVC_Handler) for SVC_Handler
    startup_stm32h723xx.o(RESET) refers to stm32h7xx_it.o(.text.DebugMon_Handler) for DebugMon_Handler
    startup_stm32h723xx.o(RESET) refers to stm32h7xx_it.o(.text.PendSV_Handler) for PendSV_Handler
    startup_stm32h723xx.o(RESET) refers to stm32h7xx_it.o(.text.SysTick_Handler) for SysTick_Handler
    startup_stm32h723xx.o(.text) refers (Special) to heapauxi.o(.text) for __use_two_region_memory
    startup_stm32h723xx.o(.text) refers to system_stm32h7xx.o(.text.SystemInit) for SystemInit
    startup_stm32h723xx.o(.text) refers to __main.o(!!!main) for __main
    startup_stm32h723xx.o(.text) refers to startup_stm32h723xx.o(HEAP) for Heap_Mem
    startup_stm32h723xx.o(.text) refers to startup_stm32h723xx.o(STACK) for Stack_Mem
    main.o(.text.main) refers to stm32h7xx_hal_cortex.o(.text.HAL_MPU_Disable) for HAL_MPU_Disable
    main.o(.text.main) refers to stm32h7xx_hal_cortex.o(.text.HAL_MPU_ConfigRegion) for HAL_MPU_ConfigRegion
    main.o(.text.main) refers to stm32h7xx_hal_cortex.o(.text.HAL_MPU_Enable) for HAL_MPU_Enable
    main.o(.text.main) refers to stm32h7xx_hal.o(.text.HAL_Init) for HAL_Init
    main.o(.text.main) refers to main.o(.text.SystemClock_Config) for SystemClock_Config
    main.o(.text.main) refers to gpio.o(.text.MX_GPIO_Init) for MX_GPIO_Init
    main.o(.text.main) refers to tim.o(.text.MX_TIM13_Init) for MX_TIM13_Init
    main.o(.text.main) refers to tim.o(.text.MX_TIM14_Init) for MX_TIM14_Init
    main.o(.text.main) refers to delay.o(.text.delay_init) for delay_init
    main.o(.text.main) refers to stm32h7xx_hal_gpio.o(.text.HAL_GPIO_WritePin) for HAL_GPIO_WritePin
    main.o(.text.main) refers to delay.o(.text.HAL_Delay) for HAL_Delay
    main.o(.text.main) refers to main.o(.bss.state) for state
    main.o(.text.main) refers to main.o(.bss.start_time_ms) for start_time_ms
    main.o(.text.main) refers to main.o(.bss.start_time_us) for start_time_us
    main.o(.text.main) refers to delay.o(.text.delay_us) for delay_us
    main.o(.text.main) refers to stm32h7xx_hal.o(.text.HAL_GetTick) for HAL_GetTick
    main.o(.text.main) refers to stm32h7xx_hal_gpio.o(.text.HAL_GPIO_ReadPin) for HAL_GPIO_ReadPin
    main.o(.text.main) refers to main.o(.bss.error_count) for error_count
    main.o(.text.main) refers to main.o(.bss.cur_time_ms) for cur_time_ms
    main.o(.text.main) refers to main.o(.bss.echo_time_ms) for echo_time_ms
    main.o(.text.main) refers to main.o(.bss.echo_time_us) for echo_time_us
    main.o(.text.main) refers to main.o(.bss.echo_time) for echo_time
    main.o(.text.main) refers to main.o(.bss.cur_time_us) for cur_time_us
    main.o(.text.main) refers to main.o(.bss.distance) for distance
    main.o(.text.main) refers to main.o(.bss.success_count) for success_count
    main.o(.ARM.exidx.text.main) refers to main.o(.text.main) for [Anonymous Symbol]
    main.o(.text.SystemClock_Config) refers to rt_memclr_w.o(.text) for __aeabi_memclr4
    main.o(.text.SystemClock_Config) refers to stm32h7xx_hal_pwr_ex.o(.text.HAL_PWREx_ConfigSupply) for HAL_PWREx_ConfigSupply
    main.o(.text.SystemClock_Config) refers to stm32h7xx_hal_rcc.o(.text.HAL_RCC_OscConfig) for HAL_RCC_OscConfig
    main.o(.text.SystemClock_Config) refers to stm32h7xx_hal_rcc.o(.text.HAL_RCC_ClockConfig) for HAL_RCC_ClockConfig
    main.o(.ARM.exidx.text.SystemClock_Config) refers to main.o(.text.SystemClock_Config) for [Anonymous Symbol]
    main.o(.text.start_signal) refers to stm32h7xx_hal_gpio.o(.text.HAL_GPIO_WritePin) for HAL_GPIO_WritePin
    main.o(.text.start_signal) refers to delay.o(.text.delay_us) for delay_us
    main.o(.text.start_signal) refers to main.o(.bss.state) for state
[...]
    Removing stm32h7xx_hal_tim.o(.text.HAL_TIM_IC_Stop), (190 bytes).
    Removing stm32h7xx_hal_tim.o(.ARM.exidx.text.HAL_TIM_IC_Stop), (8 bytes).
    Removing stm32h7xx_hal_tim.o(.text.HAL_TIM_IC_Start_IT), (436 bytes).
    Removing stm32h7xx_hal_tim.o(.ARM.exidx.text.HAL_TIM_IC_Start_IT), (8 bytes).
    Removing stm32h7xx_hal_tim.o(.text.HAL_TIM_IC_Stop_IT), (248 bytes).
    Removing stm32h7xx_hal_tim.o(.ARM.exidx.text.HAL_TIM_IC_Stop_IT), (8 bytes).
    Removing stm32h7xx_hal_tim.o(.text.HAL_TIM_IC_Start_DMA), (652 bytes).
    Removing stm32h7xx_hal_tim.o(.ARM.exidx.text.HAL_TIM_IC_Start_DMA), (8 bytes).
    Removing stm32h7xx_hal_tim.o(.text.TIM_DMACaptureCplt), (132 bytes).
    Removing stm32h7xx_hal_tim.o(.ARM.exidx.text.TIM_DMACaptureCplt), (8 bytes).
    Removing stm32h7xx_hal_tim.o(.text.TIM_DMACaptureHalfCplt), (56 bytes).
    Removing stm32h7xx_hal_tim.o(.ARM.exidx.text.TIM_DMACaptureHalfCplt), (8 bytes).
    Removing stm32h7xx_hal_tim.o(.text.HAL_TIM_IC_Stop_DMA), (218 bytes).
    Removing stm32h7xx_hal_tim.o(.ARM.exidx.text.HAL_TIM_IC_Stop_DMA), (8 bytes).
    Removing stm32h7xx_hal_tim.o(.text.HAL_TIM_OnePulse_Init), (90 bytes).
    Removing stm32h7xx_hal_tim.o(.ARM.exidx.text.HAL_TIM_OnePulse_Init), (8 bytes).
    Removing stm32h7xx_hal_tim.o(.text.HAL_TIM_OnePulse_MspInit), (2 bytes).
    Removing stm32h7xx_hal_tim.o(.ARM.exidx.text.HAL_TIM_OnePulse_MspInit), (8 bytes).
    Removing stm32h7xx_hal_tim.o(.text.HAL_TIM_OnePulse_DeInit), (80 bytes).
    Removing stm32h7xx_hal_tim.o(.ARM.exidx.text.HAL_TIM_OnePulse_DeInit), (8 bytes).
    Removing stm32h7xx_hal_tim.o(.text.HAL_TIM_OnePulse_MspDeInit), (2 bytes).
    Removing stm32h7xx_hal_tim.o(.ARM.exidx.text.HAL_TIM_OnePulse_MspDeInit), (8 bytes).
    Removing stm32h7xx_hal_tim.o(.text.HAL_TIM_OnePulse_Start), (176 bytes).
    Removing stm32h7xx_hal_tim.o(.ARM.exidx.text.HAL_TIM_OnePulse_Start), (8 bytes).
    Removing stm32h7xx_hal_tim.o(.text.HAL_TIM_OnePulse_Stop), (170 bytes).
    Removing stm32h7xx_hal_tim.o(.ARM.exidx.text.HAL_TIM_OnePulse_Stop), (8 bytes).
    Removing stm32h7xx_hal_tim.o(.text.HAL_TIM_OnePulse_Start_IT), (192 bytes).
    Removing stm32h7xx_hal_tim.o(.ARM.exidx.text.HAL_TIM_OnePulse_Start_IT), (8 bytes).
    Removing stm32h7xx_hal_tim.o(.text.HAL_TIM_OnePulse_Stop_IT), (186 bytes).
    Removing stm32h7xx_hal_tim.o(.ARM.exidx.text.HAL_TIM_OnePulse_Stop_IT), (8 bytes).
    Removing stm32h7xx_hal_tim.o(.text.HAL_TIM_Encoder_Init), (184 bytes).
    Removing stm32h7xx_hal_tim.o(.ARM.exidx.text.HAL_TIM_Encoder_Init), (8 bytes).
    Removing stm32h7xx_hal_tim.o(.text.HAL_TIM_Encoder_MspInit), (2 bytes).
    Removing stm32h7xx_hal_tim.o(.ARM.exidx.text.HAL_TIM_Encoder_MspInit), (8 bytes).
    Removing stm32h7xx_hal_tim.o(.text.HAL_TIM_Encoder_DeInit), (80 bytes).
    Removing stm32h7xx_hal_tim.o(.ARM.exidx.text.HAL_TIM_Encoder_DeInit), (8 bytes).
    Removing stm32h7xx_hal_tim.o(.text.HAL_TIM_Encoder_MspDeInit), (2 bytes).
    Removing stm32h7xx_hal_tim.o(.ARM.exidx.text.HAL_TIM_Encoder_MspDeInit), (8 bytes).
    Removing stm32h7xx_hal_tim.o(.text.HAL_TIM_Encoder_Start), (186 bytes).
    Removing stm32h7xx_hal_tim.o(.ARM.exidx.text.HAL_TIM_Encoder_Start), (8 bytes).
    Removing stm32h7xx_hal_tim.o(.text.HAL_TIM_Encoder_Stop), (200 bytes).
    Removing stm32h7xx_hal_tim.o(.ARM.exidx.text.HAL_TIM_Encoder_Stop), (8 bytes).
    Removing stm32h7xx_hal_tim.o(.text.HAL_TIM_Encoder_Start_IT), (228 bytes).
    Removing stm32h7xx_hal_tim.o(.ARM.exidx.text.HAL_TIM_Encoder_Start_IT), (8 bytes).
    Removing stm32h7xx_hal_tim.o(.text.HAL_TIM_Encoder_Stop_IT), (258 bytes).
    Removing stm32h7xx_hal_tim.o(.ARM.exidx.text.HAL_TIM_Encoder_Stop_IT), (8 bytes).
    Removing stm32h7xx_hal_tim.o(.text.HAL_TIM_Encoder_Start_DMA), (504 bytes).
    Removing stm32h7xx_hal_tim.o(.ARM.exidx.text.HAL_TIM_Encoder_Start_DMA), (8 bytes).
    Removing stm32h7xx_hal_tim.o(.text.HAL_TIM_Encoder_Stop_DMA), (264 bytes).
    Removing stm32h7xx_hal_tim.o(.ARM.exidx.text.HAL_TIM_Encoder_Stop_DMA), (8 bytes).
    Removing stm32h7xx_hal_tim.o(.text.HAL_TIM_IRQHandler), (358 bytes).
    Removing stm32h7xx_hal_tim.o(.ARM.exidx.text.HAL_TIM_IRQHandler), (8 bytes).
    Removing stm32h7xx_hal_tim.o(.text.HAL_TIM_IC_CaptureCallback), (2 bytes).
    Removing stm32h7xx_hal_tim.o(.ARM.exidx.text.HAL_TIM_IC_CaptureCallback), (8 bytes).
    Removing stm32h7xx_hal_tim.o(.text.HAL_TIM_OC_DelayElapsedCallback), (2 bytes).
    Removing stm32h7xx_hal_tim.o(.ARM.exidx.text.HAL_TIM_OC_DelayElapsedCallback), (8 bytes).
    Removing stm32h7xx_hal_tim.o(.text.HAL_TIM_PWM_PulseFinishedCallback), (2 bytes).
    Removing stm32h7xx_hal_tim.o(.ARM.exidx.text.HAL_TIM_PWM_PulseFinishedCallback), (8 bytes).
    Removing stm32h7xx_hal_tim.o(.text.HAL_TIM_PeriodElapsedCallback), (2 bytes).
    Removing stm32h7xx_hal_tim.o(.ARM.exidx.text.HAL_TIM_PeriodElapsedCallback), (8 bytes).
    Removing stm32h7xx_hal_tim.o(.text.HAL_TIM_TriggerCallback), (2 bytes).
    Removing stm32h7xx_hal_tim.o(.ARM.exidx.text.HAL_TIM_TriggerCallback), (8 bytes).
    Removing stm32h7xx_hal_tim.o(.text.HAL_TIM_OC_ConfigChannel), (1024 bytes).
    Removing stm32h7xx_hal_tim.o(.ARM.exidx.text.HAL_TIM_OC_ConfigChannel), (8 bytes).
    Removing stm32h7xx_hal_tim.o(.text.TIM_OC2_SetConfig), (170 bytes).
    Removing stm32h7xx_hal_tim.o(.ARM.exidx.text.TIM_OC2_SetConfig), (8 bytes).
    Removing stm32h7xx_hal_tim.o(.text.HAL_TIM_IC_ConfigChannel), (472 bytes).
    Removing stm32h7xx_hal_tim.o(.ARM.exidx.text.HAL_TIM_IC_ConfigChannel), (8 bytes).
    Removing stm32h7xx_hal_tim.o(.text.TIM_TI1_SetConfig), (192 bytes).
    Removing stm32h7xx_hal_tim.o(.ARM.exidx.text.TIM_TI1_SetConfig), (8 bytes).
    Removing stm32h7xx_hal_tim.o(.text.HAL_TIM_PWM_ConfigChannel), (1182 bytes).
    Removing stm32h7xx_hal_tim.o(.ARM.exidx.text.HAL_TIM_PWM_ConfigChannel), (8 bytes).
    Removing stm32h7xx_hal_tim.o(.text.HAL_TIM_OnePulse_ConfigChannel), (784 bytes).
    Removing stm32h7xx_hal_tim.o(.ARM.exidx.text.HAL_TIM_OnePulse_ConfigChannel), (8 bytes).
    Removing stm32h7xx_hal_tim.o(.text.HAL_TIM_DMABurst_WriteStart), (28 bytes).
    Removing stm32h7xx_hal_tim.o(.ARM.exidx.text.HAL_TIM_DMABurst_WriteStart), (8 bytes).
    Removing stm32h7xx_hal_tim.o(.text.HAL_TIM_DMABurst_MultiWriteStart), (514 bytes).
    Removing stm32h7xx_hal_tim.o(.ARM.exidx.text.HAL_TIM_DMABurst_MultiWriteStart), (8 bytes).
    Removing stm32h7xx_hal_tim.o(.text.TIM_DMATriggerCplt), (22 bytes).
    Removing stm32h7xx_hal_tim.o(.ARM.exidx.text.TIM_DMATriggerCplt), (8 bytes).
    Removing stm32h7xx_hal_tim.o(.text.TIM_DMATriggerHalfCplt), (6 bytes).
    Removing stm32h7xx_hal_tim.o(.ARM.exidx.text.TIM_DMATriggerHalfCplt), (8 bytes).
    Removing stm32h7xx_hal_tim.o(.text.HAL_TIM_DMABurst_WriteStop), (122 bytes).
    Removing stm32h7xx_hal_tim.o(.ARM.exidx.text.HAL_TIM_DMABurst_WriteStop), (8 bytes).
    Removing stm32h7xx_hal_tim.o(.text.HAL_TIM_DMABurst_ReadStart), (28 bytes).
    Removing stm32h7xx_hal_tim.o(.ARM.exidx.text.HAL_TIM_DMABurst_ReadStart), (8 bytes).
    Removing stm32h7xx_hal_tim.o(.text.HAL_TIM_DMABurst_MultiReadStart), (514 bytes).
    Removing stm32h7xx_hal_tim.o(.ARM.exidx.text.HAL_TIM_DMABurst_MultiReadStart), (8 bytes).
    Removing stm32h7xx_hal_tim.o(.text.HAL_TIM_DMABurst_ReadStop), (122 bytes).
    Removing stm32h7xx_hal_tim.o(.ARM.exidx.text.HAL_TIM_DMABurst_ReadStop), (8 bytes).
    Removing stm32h7xx_hal_tim.o(.text.HAL_TIM_GenerateEvent), (36 bytes).
    Removing stm32h7xx_hal_tim.o(.ARM.exidx.text.HAL_TIM_GenerateEvent), (8 bytes).
    Removing stm32h7xx_hal_tim.o(.text.HAL_TIM_ConfigOCrefClear), (290 bytes).
    Removing stm32h7xx_hal_tim.o(.ARM.exidx.text.HAL_TIM_ConfigOCrefClear), (8 bytes).
    Removing stm32h7xx_hal_tim.o(.text.TIM_ETR_SetConfig), (20 bytes).
    Removing stm32h7xx_hal_tim.o(.ARM.exidx.text.TIM_ETR_SetConfig), (8 bytes).
    Removing stm32h7xx_hal_tim.o(.text.HAL_TIM_ConfigClockSource), (500 bytes).
    Removing stm32h7xx_hal_tim.o(.ARM.exidx.text.HAL_TIM_ConfigClockSource), (8 bytes).
    Removing stm32h7xx_hal_tim.o(.text.HAL_TIM_ConfigTI1Input), (16 bytes).
    Removing stm32h7xx_hal_tim.o(.ARM.exidx.text.HAL_TIM_ConfigTI1Input), (8 bytes).
    Removing stm32h7xx_hal_tim.o(.text.HAL_TIM_SlaveConfigSynchro), (74 bytes).
    Removing stm32h7xx_hal_tim.o(.ARM.exidx.text.HAL_TIM_SlaveConfigSynchro), (8 bytes).
    Removing stm32h7xx_hal_tim.o(.text.TIM_SlaveTimer_SetConfig), (374 bytes).
    Removing stm32h7xx_hal_tim.o(.ARM.exidx.text.TIM_SlaveTimer_SetConfig), (8 bytes).
    Removing stm32h7xx_hal_tim.o(.text.HAL_TIM_SlaveConfigSynchro_IT), (74 bytes).
    Removing stm32h7xx_hal_tim.o(.ARM.exidx.text.HAL_TIM_SlaveConfigSynchro_IT), (8 bytes).
    Removing stm32h7xx_hal_tim.o(.text.HAL_TIM_ReadCapturedValue), (22 bytes).
    Removing stm32h7xx_hal_tim.o(.ARM.exidx.text.HAL_TIM_ReadCapturedValue), (8 bytes).
    Removing stm32h7xx_hal_tim.o(.text.HAL_TIM_PeriodElapsedHalfCpltCallback), (2 bytes).
    Removing stm32h7xx_hal_tim.o(.ARM.exidx.text.HAL_TIM_PeriodElapsedHalfCpltCallback), (8 bytes).
    Removing stm32h7xx_hal_tim.o(.text.HAL_TIM_IC_CaptureHalfCpltCallback), (2 bytes).
    Removing stm32h7xx_hal_tim.o(.ARM.exidx.text.HAL_TIM_IC_CaptureHalfCpltCallback), (8 bytes).
    Removing stm32h7xx_hal_tim.o(.text.HAL_TIM_PWM_PulseFinishedHalfCpltCallback), (2 bytes).
    Removing stm32h7xx_hal_tim.o(.ARM.exidx.text.HAL_TIM_PWM_PulseFinishedHalfCpltCallback), (8 bytes).
    Removing stm32h7xx_hal_tim.o(.text.HAL_TIM_TriggerHalfCpltCallback), (2 bytes).
    Removing stm32h7xx_hal_tim.o(.ARM.exidx.text.HAL_TIM_TriggerHalfCpltCallback), (8 bytes).
    Removing stm32h7xx_hal_tim.o(.text.HAL_TIM_ErrorCallback), (2 bytes).
    Removing stm32h7xx_hal_tim.o(.ARM.exidx.text.HAL_TIM_ErrorCallback), (8 bytes).
    Removing stm32h7xx_hal_tim.o(.text.HAL_TIM_Base_GetState), (6 bytes).
    Removing stm32h7xx_hal_tim.o(.ARM.exidx.text.HAL_TIM_Base_GetState), (8 bytes).
    Removing stm32h7xx_hal_tim.o(.text.HAL_TIM_OC_GetState), (6 bytes).
    Removing stm32h7xx_hal_tim.o(.ARM.exidx.text.HAL_TIM_OC_GetState), (8 bytes).
    Removing stm32h7xx_hal_tim.o(.text.HAL_TIM_PWM_GetState), (6 bytes).
    Removing stm32h7xx_hal_tim.o(.ARM.exidx.text.HAL_TIM_PWM_GetState), (8 bytes).
    Removing stm32h7xx_hal_tim.o(.text.HAL_TIM_IC_GetState), (6 bytes).
    Removing stm32h7xx_hal_tim.o(.ARM.exidx.text.HAL_TIM_IC_GetState), (8 bytes).
    Removing stm32h7xx_hal_tim.o(.text.HAL_TIM_OnePulse_GetState), (6 bytes).
    Removing stm32h7xx_hal_tim.o(.ARM.exidx.text.HAL_TIM_OnePulse_GetState), (8 bytes).
    Removing stm32h7xx_hal_tim.o(.text.HAL_TIM_Encoder_GetState), (6 bytes).
    Removing stm32h7xx_hal_tim.o(.ARM.exidx.text.HAL_TIM_Encoder_GetState), (8 bytes).
    Removing stm32h7xx_hal_tim.o(.text.HAL_TIM_GetActiveChannel), (4 bytes).
    Removing stm32h7xx_hal_tim.o(.ARM.exidx.text.HAL_TIM_GetActiveChannel), (8 bytes).
    Removing stm32h7xx_hal_tim.o(.text.HAL_TIM_GetChannelState), (22 bytes).
    Removing stm32h7xx_hal_tim.o(.ARM.exidx.text.HAL_TIM_GetChannelState), (8 bytes).
    Removing stm32h7xx_hal_tim.o(.text.HAL_TIM_DMABurstState), (6 bytes).
    Removing stm32h7xx_hal_tim.o(.ARM.exidx.text.HAL_TIM_DMABurstState), (8 bytes).
    Removing stm32h7xx_hal_tim.o(.rodata.cst16), (48 bytes).
    Removing stm32h7xx_hal_tim_ex.o(.text), (0 bytes).
    Removing stm32h7xx_hal_tim_ex.o(.text.HAL_TIMEx_HallSensor_Init), (206 bytes).
    Removing stm32h7xx_hal_tim_ex.o(.ARM.exidx.text.HAL_TIMEx_HallSensor_Init), (8 bytes).
    Removing stm32h7xx_hal_tim_ex.o(.text.HAL_TIMEx_HallSensor_MspInit), (2 bytes).
    Removing stm32h7xx_hal_tim_ex.o(.ARM.exidx.text.HAL_TIMEx_HallSensor_MspInit), (8 bytes).
    Removing stm32h7xx_hal_tim_ex.o(.text.HAL_TIMEx_HallSensor_DeInit), (80 bytes).
    Removing stm32h7xx_hal_tim_ex.o(.ARM.exidx.text.HAL_TIMEx_HallSensor_DeInit), (8 bytes).
    Removing stm32h7xx_hal_tim_ex.o(.text.HAL_TIMEx_HallSensor_MspDeInit), (2 bytes).
    Removing stm32h7xx_hal_tim_ex.o(.ARM.exidx.text.HAL_TIMEx_HallSensor_MspDeInit), (8 bytes).
    Removing stm32h7xx_hal_tim_ex.o(.text.HAL_TIMEx_HallSensor_Start), (254 bytes).
    Removing stm32h7xx_hal_tim_ex.o(.ARM.exidx.text.HAL_TIMEx_HallSensor_Start), (8 bytes).
    Removing stm32h7xx_hal_tim_ex.o(.text.HAL_TIMEx_HallSensor_Stop), (66 bytes).
    Removing stm32h7xx_hal_tim_ex.o(.ARM.exidx.text.HAL_TIMEx_HallSensor_Stop), (8 bytes).
    Removing stm32h7xx_hal_tim_ex.o(.text.HAL_TIMEx_HallSensor_Start_IT), (262 bytes).
    Removing stm32h7xx_hal_tim_ex.o(.ARM.exidx.text.HAL_TIMEx_HallSensor_Start_IT), (8 bytes).
    Removing stm32h7xx_hal_tim_ex.o(.text.HAL_TIMEx_HallSensor_Stop_IT), (74 bytes).
    Removing stm32h7xx_hal_tim_ex.o(.ARM.exidx.text.HAL_TIMEx_HallSensor_Stop_IT), (8 bytes).
    Removing stm32h7xx_hal_tim_ex.o(.text.HAL_TIMEx_HallSensor_Start_DMA), (310 bytes).
    Removing stm32h7xx_hal_tim_ex.o(.ARM.exidx.text.HAL_TIMEx_HallSensor_Start_DMA), (8 bytes).
    Removing stm32h7xx_hal_tim_ex.o(.text.HAL_TIMEx_HallSensor_Stop_DMA), (74 bytes).
    Removing stm32h7xx_hal_tim_ex.o(.ARM.exidx.text.HAL_TIMEx_HallSensor_Stop_DMA), (8 bytes).
    Removing stm32h7xx_hal_tim_ex.o(.text.HAL_TIMEx_OCN_Start), (270 bytes).
    Removing stm32h7xx_hal_tim_ex.o(.ARM.exidx.text.HAL_TIMEx_OCN_Start), (8 bytes).
    Removing stm32h7xx_hal_tim_ex.o(.text.HAL_TIMEx_OCN_Stop), (144 bytes).
    Removing stm32h7xx_hal_tim_ex.o(.ARM.exidx.text.HAL_TIMEx_OCN_Stop), (8 bytes).
    Removing stm32h7xx_hal_tim_ex.o(.text.HAL_TIMEx_OCN_Start_IT), (332 bytes).
    Removing stm32h7xx_hal_tim_ex.o(.ARM.exidx.text.HAL_TIMEx_OCN_Start_IT), (8 bytes).
    Removing stm32h7xx_hal_tim_ex.o(.text.HAL_TIMEx_OCN_Stop_IT), (216 bytes).
    Removing stm32h7xx_hal_tim_ex.o(.ARM.exidx.text.HAL_TIMEx_OCN_Stop_IT), (8 bytes).
    Removing stm32h7xx_hal_tim_ex.o(.text.HAL_TIMEx_OCN_Start_DMA), (562 bytes).
    Removing stm32h7xx_hal_tim_ex.o(.ARM.exidx.text.HAL_TIMEx_OCN_Start_DMA), (8 bytes).
    Removing stm32h7xx_hal_tim_ex.o(.text.TIM_DMADelayPulseNCplt), (90 bytes).
    Removing stm32h7xx_hal_tim_ex.o(.ARM.exidx.text.TIM_DMADelayPulseNCplt), (8 bytes).
    Removing stm32h7xx_hal_tim_ex.o(.text.TIM_DMAErrorCCxN), (66 bytes).
    Removing stm32h7xx_hal_tim_ex.o(.ARM.exidx.text.TIM_DMAErrorCCxN), (8 bytes).
    Removing stm32h7xx_hal_tim_ex.o(.text.HAL_TIMEx_OCN_Stop_DMA), (184 bytes).
    Removing stm32h7xx_hal_tim_ex.o(.ARM.exidx.text.HAL_TIMEx_OCN_Stop_DMA), (8 bytes).
    Removing stm32h7xx_hal_tim_ex.o(.text.HAL_TIMEx_PWMN_Start), (270 bytes).
    Removing stm32h7xx_hal_tim_ex.o(.ARM.exidx.text.HAL_TIMEx_PWMN_Start), (8 bytes).
    Removing stm32h7xx_hal_tim_ex.o(.text.HAL_TIMEx_PWMN_Stop), (144 bytes).
    Removing stm32h7xx_hal_tim_ex.o(.ARM.exidx.text.HAL_TIMEx_PWMN_Stop), (8 bytes).
    Removing stm32h7xx_hal_tim_ex.o(.text.HAL_TIMEx_PWMN_Start_IT), (332 bytes).
    Removing stm32h7xx_hal_tim_ex.o(.ARM.exidx.text.HAL_TIMEx_PWMN_Start_IT), (8 bytes).
    Removing stm32h7xx_hal_tim_ex.o(.text.HAL_TIMEx_PWMN_Stop_IT), (216 bytes).
    Removing stm32h7xx_hal_tim_ex.o(.ARM.exidx.text.HAL_TIMEx_PWMN_Stop_IT), (8 bytes).
    Removing stm32h7xx_hal_tim_ex.o(.text.HAL_TIMEx_PWMN_Start_DMA), (562 bytes).
    Removing stm32h7xx_hal_tim_ex.o(.ARM.exidx.text.HAL_TIMEx_PWMN_Start_DMA), (8 bytes).
    Removing stm32h7xx_hal_tim_ex.o(.text.HAL_TIMEx_PWMN_Stop_DMA), (184 bytes).
    Removing stm32h7xx_hal_tim_ex.o(.ARM.exidx.text.HAL_TIMEx_PWMN_Stop_DMA), (8 bytes).
    Removing stm32h7xx_hal_tim_ex.o(.text.HAL_TIMEx_OnePulseN_Start), (120 bytes).
    Removing stm32h7xx_hal_tim_ex.o(.ARM.exidx.text.HAL_TIMEx_OnePulseN_Start), (8 bytes).
    Removing stm32h7xx_hal_tim_ex.o(.text.HAL_TIMEx_OnePulseN_Stop), (120 bytes).
    Removing stm32h7xx_hal_tim_ex.o(.ARM.exidx.text.HAL_TIMEx_OnePulseN_Stop), (8 bytes).
    Removing stm32h7xx_hal_tim_ex.o(.text.HAL_TIMEx_OnePulseN_Start_IT), (136 bytes).
    Removing stm32h7xx_hal_tim_ex.o(.ARM.exidx.text.HAL_TIMEx_OnePulseN_Start_IT), (8 bytes).
    Removing stm32h7xx_hal_tim_ex.o(.text.HAL_TIMEx_OnePulseN_Stop_IT), (136 bytes).
    Removing stm32h7xx_hal_tim_ex.o(.ARM.exidx.text.HAL_TIMEx_OnePulseN_Stop_IT), (8 bytes).
    Removing stm32h7xx_hal_tim_ex.o(.text.HAL_TIMEx_ConfigCommutEvent), (144 bytes).
    Removing stm32h7xx_hal_tim_ex.o(.ARM.exidx.text.HAL_TIMEx_ConfigCommutEvent), (8 bytes).
    Removing stm32h7xx_hal_tim_ex.o(.text.HAL_TIMEx_ConfigCommutEvent_IT), (144 bytes).
    Removing stm32h7xx_hal_tim_ex.o(.ARM.exidx.text.HAL_TIMEx_ConfigCommutEvent_IT), (8 bytes).
    Removing stm32h7xx_hal_tim_ex.o(.text.HAL_TIMEx_ConfigCommutEvent_DMA), (184 bytes).
    Removing stm32h7xx_hal_tim_ex.o(.ARM.exidx.text.HAL_TIMEx_ConfigCommutEvent_DMA), (8 bytes).
    Removing stm32h7xx_hal_tim_ex.o(.text.TIMEx_DMACommutationCplt), (12 bytes).
    Removing stm32h7xx_hal_tim_ex.o(.ARM.exidx.text.TIMEx_DMACommutationCplt), (8 bytes).
    Removing stm32h7xx_hal_tim_ex.o(.text.TIMEx_DMACommutationHalfCplt), (12 bytes).
    Removing stm32h7xx_hal_tim_ex.o(.ARM.exidx.text.TIMEx_DMACommutationHalfCplt), (8 bytes).
    Removing stm32h7xx_hal_tim_ex.o(.text.HAL_TIMEx_MasterConfigSynchronization), (228 bytes).
    Removing stm32h7xx_hal_tim_ex.o(.ARM.exidx.text.HAL_TIMEx_MasterConfigSynchronization), (8 bytes).
    Removing stm32h7xx_hal_tim_ex.o(.text.HAL_TIMEx_ConfigBreakDeadTime), (206 bytes).
    Removing stm32h7xx_hal_tim_ex.o(.ARM.exidx.text.HAL_TIMEx_ConfigBreakDeadTime), (8 bytes).
    Removing stm32h7xx_hal_tim_ex.o(.text.HAL_TIMEx_ConfigBreakInput), (320 bytes).
    Removing stm32h7xx_hal_tim_ex.o(.ARM.exidx.text.HAL_TIMEx_ConfigBreakInput), (8 bytes).
    Removing stm32h7xx_hal_tim_ex.o(.text.HAL_TIMEx_RemapConfig), (34 bytes).
    Removing stm32h7xx_hal_tim_ex.o(.ARM.exidx.text.HAL_TIMEx_RemapConfig), (8 bytes).
    Removing stm32h7xx_hal_tim_ex.o(.text.HAL_TIMEx_TISelection), (76 bytes).
    Removing stm32h7xx_hal_tim_ex.o(.ARM.exidx.text.HAL_TIMEx_TISelection), (8 bytes).
    Removing stm32h7xx_hal_tim_ex.o(.text.HAL_TIMEx_GroupChannel5), (48 bytes).
    Removing stm32h7xx_hal_tim_ex.o(.ARM.exidx.text.HAL_TIMEx_GroupChannel5), (8 bytes).
    Removing stm32h7xx_hal_tim_ex.o(.text.HAL_TIMEx_DisarmBreakInput), (80 bytes).
    Removing stm32h7xx_hal_tim_ex.o(.ARM.exidx.text.HAL_TIMEx_DisarmBreakInput), (8 bytes).
    Removing stm32h7xx_hal_tim_ex.o(.text.HAL_TIMEx_ReArmBreakInput), (126 bytes).
    Removing stm32h7xx_hal_tim_ex.o(.ARM.exidx.text.HAL_TIMEx_ReArmBreakInput), (8 bytes).
    Removing stm32h7xx_hal_tim_ex.o(.text.HAL_TIMEx_CommutCallback), (2 bytes).
    Removing stm32h7xx_hal_tim_ex.o(.ARM.exidx.text.HAL_TIMEx_CommutCallback), (8 bytes).
    Removing stm32h7xx_hal_tim_ex.o(.text.HAL_TIMEx_CommutHalfCpltCallback), (2 bytes).
    Removing stm32h7xx_hal_tim_ex.o(.ARM.exidx.text.HAL_TIMEx_CommutHalfCpltCallback), (8 bytes).
    Removing stm32h7xx_hal_tim_ex.o(.text.HAL_TIMEx_BreakCallback), (2 bytes).
    Removing stm32h7xx_hal_tim_ex.o(.ARM.exidx.text.HAL_TIMEx_BreakCallback), (8 bytes).
    Removing stm32h7xx_hal_tim_ex.o(.text.HAL_TIMEx_Break2Callback), (2 bytes).
    Removing stm32h7xx_hal_tim_ex.o(.ARM.exidx.text.HAL_TIMEx_Break2Callback), (8 bytes).
    Removing stm32h7xx_hal_tim_ex.o(.text.HAL_TIMEx_HallSensor_GetState), (6 bytes).
    Removing stm32h7xx_hal_tim_ex.o(.ARM.exidx.text.HAL_TIMEx_HallSensor_GetState), (8 bytes).
    Removing stm32h7xx_hal_tim_ex.o(.text.HAL_TIMEx_GetChannelNState), (30 bytes).
    Removing stm32h7xx_hal_tim_ex.o(.ARM.exidx.text.HAL_TIMEx_GetChannelNState), (8 bytes).
    Removing system_stm32h7xx.o(.text), (0 bytes).
    Removing system_stm32h7xx.o(.ARM.exidx.text.SystemInit), (8 bytes).
    Removing system_stm32h7xx.o(.text.SystemCoreClockUpdate), (304 bytes).
    Removing system_stm32h7xx.o(.ARM.exidx.text.SystemCoreClockUpdate), (8 bytes).
    Removing delay.o(.text), (0 bytes).
    Removing delay.o(.ARM.exidx.text.delay_init), (8 bytes).
    Removing delay.o(.ARM.exidx.text.delay_us), (8 bytes).
    Removing delay.o(.text.delay_ms), (162 bytes).
    Removing delay.o(.ARM.exidx.text.delay_ms), (8 bytes).
    Removing delay.o(.ARM.exidx.text.HAL_Delay), (8 bytes).

1045 unused section(s) (total 80544 bytes) removed from the image.

==============================================================================

Image Symbol Table

    Local Symbols

    Symbol Name                              Value     Ov Type        Size  Object(Section)

    ../clib/angel/boardlib.s                 0x00000000   Number         0  boardinit1.o ABSOLUTE
    ../clib/angel/boardlib.s                 0x00000000   Number         0  boardinit2.o ABSOLUTE
    ../clib/angel/boardlib.s                 0x00000000   Number         0  boardinit3.o ABSOLUTE
    ../clib/angel/boardlib.s                 0x00000000   Number         0  boardshut.o ABSOLUTE
    ../clib/angel/handlers.s                 0x00000000   Number         0  __scatter_copy.o ABSOLUTE
    ../clib/angel/handlers.s                 0x00000000   Number         0  __scatter_zi.o ABSOLUTE
    ../clib/angel/kernel.s                   0x00000000   Number         0  __rtentry.o ABSOLUTE
    ../clib/angel/kernel.s                   0x00000000   Number         0  __rtentry2.o ABSOLUTE
    ../clib/angel/kernel.s                   0x00000000   Number         0  __rtentry4.o ABSOLUTE
    ../clib/angel/kernel.s                   0x00000000   Number         0  rtexit.o ABSOLUTE
    ../clib/angel/kernel.s                   0x00000000   Number         0  rtexit2.o ABSOLUTE
    ../clib/angel/rt.s                       0x00000000   Number         0  rt_raise.o ABSOLUTE
    ../clib/angel/scatter.s                  0x00000000   Number         0  __scatter.o ABSOLUTE
    ../clib/angel/startup.s                  0x00000000   Number         0  __main.o ABSOLUTE
    ../clib/angel/sys.s                      0x00000000   Number         0  sys_stackheap_outer.o ABSOLUTE
    ../clib/angel/sys.s                      0x00000000   Number         0  libspace.o ABSOLUTE
    ../clib/angel/sys.s                      0x00000000   Number         0  use_no_semi.o ABSOLUTE
    ../clib/angel/sys.s                      0x00000000   Number         0  indicate_semi.o ABSOLUTE
    ../clib/angel/sysapp.c                   0x00000000   Number         0  sys_exit.o ABSOLUTE
    ../clib/angel/sysapp.c                   0x00000000   Number         0  sys_exit_hlt.o ABSOLUTE
    ../clib/angel/sysapp.c                   0x00000000   Number         0  sys_command.o ABSOLUTE
    ../clib/angel/sysapp.c                   0x00000000   Number         0  sys_command_hlt.o ABSOLUTE
    ../clib/angel/sysapp.c                   0x00000000   Number         0  sys_wrch.o ABSOLUTE
    ../clib/angel/sysapp.c                   0x00000000   Number         0  sys_wrch_hlt.o ABSOLUTE
    ../clib/armsys.c                         0x00000000   Number         0  argv_veneer.o ABSOLUTE
    ../clib/armsys.c                         0x00000000   Number         0  argv_veneer.o ABSOLUTE
    ../clib/armsys.c                         0x00000000   Number         0  _get_argv_nomalloc.o ABSOLUTE
    ../clib/armsys.c                         0x00000000   Number         0  no_argv.o ABSOLUTE
    ../clib/heapalloc.c                      0x00000000   Number         0  hrguard.o ABSOLUTE
    ../clib/heapaux.c                        0x00000000   Number         0  heapauxi.o ABSOLUTE
    ../clib/libinit.s                        0x00000000   Number         0  libinit.o ABSOLUTE
    ../clib/libinit.s                        0x00000000   Number         0  libinit2.o ABSOLUTE
    ../clib/libinit.s                        0x00000000   Number         0  libshutdown.o ABSOLUTE
    ../clib/libinit.s                        0x00000000   Number         0  libshutdown2.o ABSOLUTE
    ../clib/memcpset.s                       0x00000000   Number         0  rt_memclr_w.o ABSOLUTE
    ../clib/signal.c                         0x00000000   Number         0  defsig_rtmem_outer.o ABSOLUTE
    ../clib/signal.c                         0x00000000   Number         0  defsig_rtmem_formal.o ABSOLUTE
    ../clib/signal.c                         0x00000000   Number         0  defsig_exit.o ABSOLUTE
    ../clib/signal.c                         0x00000000   Number         0  defsig_rtmem_inner.o ABSOLUTE
    ../clib/signal.c                         0x00000000   Number         0  __raise.o ABSOLUTE
    ../clib/signal.c                         0x00000000   Number         0  defsig_general.o ABSOLUTE
    ../clib/signal.c                         0x00000000   Number         0  defsig_abrt_inner.o ABSOLUTE
    ../clib/signal.c                         0x00000000   Number         0  defsig_fpe_inner.o ABSOLUTE
    ../clib/signal.c                         0x00000000   Number         0  defsig_rtred_inner.o ABSOLUTE
    ../clib/signal.c                         0x00000000   Number         0  defsig_stak_inner.o ABSOLUTE
    ../clib/signal.c                         0x00000000   Number         0  defsig_pvfn_inner.o ABSOLUTE
    ../clib/signal.c                         0x00000000   Number         0  defsig_cppl_inner.o ABSOLUTE
    ../clib/signal.c                         0x00000000   Number         0  defsig_segv_inner.o ABSOLUTE
    ../clib/signal.c                         0x00000000   Number         0  defsig_other.o ABSOLUTE
    ../clib/signal.s                         0x00000000   Number         0  defsig.o ABSOLUTE
    ../clib/stdlib.c                         0x00000000   Number         0  exit.o ABSOLUTE
    ../fplib/fpinit.s                        0x00000000   Number         0  fpinit.o ABSOLUTE
    dc.s                                     0x00000000   Number         0  dc.o ABSOLUTE
    delay.c                                  0x00000000   Number         0  delay.o ABSOLUTE
    gpio.c                                   0x00000000   Number         0  gpio.o ABSOLUTE
    main.c                                   0x00000000   Number         0  main.o ABSOLUTE
    memorymap.c                              0x00000000   Number         0  memorymap.o ABSOLUTE
    startup_stm32h723xx.s                    0x00000000   Number         0  startup_stm32h723xx.o ABSOLUTE
    stm32h7xx_hal.c                          0x00000000   Number         0  stm32h7xx_hal.o ABSOLUTE
    stm32h7xx_hal_cortex.c                   0x00000000   Number         0  stm32h7xx_hal_cortex.o ABSOLUTE
    stm32h7xx_hal_dma.c                      0x00000000   Number         0  stm32h7xx_hal_dma.o ABSOLUTE
    stm32h7xx_hal_dma_ex.c                   0x00000000   Number         0  stm32h7xx_hal_dma_ex.o ABSOLUTE
    stm32h7xx_hal_exti.c                     0x00000000   Number         0  stm32h7xx_hal_exti.o ABSOLUTE
    stm32h7xx_hal_flash.c                    0x00000000   Number         0  stm32h7xx_hal_flash.o ABSOLUTE
    stm32h7xx_hal_flash_ex.c                 0x00000000   Number         0  stm32h7xx_hal_flash_ex.o ABSOLUTE
    stm32h7xx_hal_gpio.c                     0x00000000   Number         0  stm32h7xx_hal_gpio.o ABSOLUTE
    stm32h7xx_hal_hsem.c                     0x00000000   Number         0  stm32h7xx_hal_hsem.o ABSOLUTE
    stm32h7xx_hal_i2c.c                      0x00000000   Number         0  stm32h7xx_hal_i2c.o ABSOLUTE
    stm32h7xx_hal_i2c_ex.c                   0x00000000   Number         0  stm32h7xx_hal_i2c_ex.o ABSOLUTE
    stm32h7xx_hal_mdma.c                     0x00000000   Number         0  stm32h7xx_hal_mdma.o ABSOLUTE
    stm32h7xx_hal_msp.c                      0x00000000   Number         0  stm32h7xx_hal_msp.o ABSOLUTE
    stm32h7xx_hal_pwr.c                      0x00000000   Number         0  stm32h7xx_hal_pwr.o ABSOLUTE
    stm32h7xx_hal_pwr_ex.c                   0x00000000   Number         0  stm32h7xx_hal_pwr_ex.o ABSOLUTE
    stm32h7xx_hal_rcc.c                      0x00000000   Number         0  stm32h7xx_hal_rcc.o ABSOLUTE
    stm32h7xx_hal_rcc_ex.c                   0x00000000   Number         0  stm32h7xx_hal_rcc_ex.o ABSOLUTE
    stm32h7xx_hal_tim.c                      0x00000000   Number         0  stm32h7xx_hal_tim.o ABSOLUTE
    stm32h7xx_hal_tim_ex.c                   0x00000000   Number         0  stm32h7xx_hal_tim_ex.o ABSOLUTE
    stm32h7xx_it.c                           0x00000000   Number         0  stm32h7xx_it.o ABSOLUTE
    system_stm32h7xx.c                       0x00000000   Number         0  system_stm32h7xx.o ABSOLUTE
    tim.c                                    0x00000000   Number         0  tim.o ABSOLUTE
    RESET                                    0x08000000   Section      716  startup_stm32h723xx.o(RESET)
    !!!main                                  0x080002cc   Section        8  __main.o(!!!main)
    !!!scatter                               0x080002d4   Section       92  __scatter.o(!!!scatter)
    !!handler_copy                           0x08000330   Section       26  __scatter_copy.o(!!handler_copy)
    !!handler_null                           0x0800034c   Section        2  __scatter.o(!!handler_null)
    !!handler_zi                             0x08000350   Section       28  __scatter_zi.o(!!handler_zi)
    .ARM.Collect$$libinit$$00000000          0x0800036c   Section        2  libinit.o(.ARM.Collect$$libinit$$00000000)
    .ARM.Collect$$libinit$$00000001          0x0800036e   Section        4  libinit2.o(.ARM.Collect$$libinit$$00000001)
    .ARM.Collect$$libinit$$00000004          0x08000372   Section        0  libinit2.o(.ARM.Collect$$libinit$$00000004)
    .ARM.Collect$$libinit$$00000006          0x08000372   Section        0  libinit2.o(.ARM.Collect$$libinit$$00000006)
    .ARM.Collect$$libinit$$0000000C          0x08000372   Section        0  libinit2.o(.ARM.Collect$$libinit$$0000000C)
    .ARM.Collect$$libinit$$0000000E          0x08000372   Section        0  libinit2.o(.ARM.Collect$$libinit$$0000000E)
    .ARM.Collect$$libinit$$00000010          0x08000372   Section        0  libinit2.o(.ARM.Collect$$libinit$$00000010)
    .ARM.Collect$$libinit$$00000013          0x08000372   Section        0  libinit2.o(.ARM.Collect$$libinit$$00000013)
    .ARM.Collect$$libinit$$00000015          0x08000372   Section        0  libinit2.o(.ARM.Collect$$libinit$$00000015)
    .ARM.Collect$$libinit$$00000017          0x08000372   Section        0  libinit2.o(.ARM.Collect$$libinit$$00000017)
    .ARM.Collect$$libinit$$00000019          0x08000372   Section        0  libinit2.o(.ARM.Collect$$libinit$$00000019)
    .ARM.Collect$$libinit$$0000001B          0x08000372   Section        0  libinit2.o(.ARM.Collect$$libinit$$0000001B)
    .ARM.Collect$$libinit$$0000001D          0x08000372   Section        0  libinit2.o(.ARM.Collect$$libinit$$0000001D)
    .ARM.Collect$$libinit$$0000001F          0x08000372   Section        0  libinit2.o(.ARM.Collect$$libinit$$0000001F)
    .ARM.Collect$$libinit$$00000021          0x08000372   Section        0  libinit2.o(.ARM.Collect$$libinit$$00000021)
    .ARM.Collect$$libinit$$00000023          0x08000372   Section        0  libinit2.o(.ARM.Collect$$libinit$$00000023)
    .ARM.Collect$$libinit$$00000025          0x08000372   Section        0  libinit2.o(.ARM.Collect$$libinit$$00000025)
    .ARM.Collect$$libinit$$00000027          0x08000372   Section        0  libinit2.o(.ARM.Collect$$libinit$$00000027)
    .ARM.Collect$$libinit$$0000002E          0x08000372   Section        0  libinit2.o(.ARM.Collect$$libinit$$0000002E)
    .ARM.Collect$$libinit$$00000030          0x08000372   Section        0  libinit2.o(.ARM.Collect$$libinit$$00000030)
    .ARM.Collect$$libinit$$00000032          0x08000372   Section        0  libinit2.o(.ARM.Collect$$libinit$$00000032)
    .ARM.Collect$$libinit$$00000034          0x08000372   Section        0  libinit2.o(.ARM.Collect$$libinit$$00000034)
    .ARM.Collect$$libinit$$00000035          0x08000372   Section        2  libinit2.o(.ARM.Collect$$libinit$$00000035)
    .ARM.Collect$$libshutdown$$00000000      0x08000374   Section        2  libshutdown.o(.ARM.Collect$$libshutdown$$00000000)
    .ARM.Collect$$libshutdown$$00000002      0x08000376   Section        0  libshutdown2.o(.ARM.Collect$$libshutdown$$00000002)
    .ARM.Collect$$libshutdown$$00000004      0x08000376   Section        0  libshutdown2.o(.ARM.Collect$$libshutdown$$00000004)
    .ARM.Collect$$libshutdown$$00000007      0x08000376   Section        0  libshutdown2.o(.ARM.Collect$$libshutdown$$00000007)
    .ARM.Collect$$libshutdown$$0000000A      0x08000376   Section        0  libshutdown2.o(.ARM.Collect$$libshutdown$$0000000A)
    .ARM.Collect$$libshutdown$$0000000C      0x08000376   Section        0  libshutdown2.o(.ARM.Collect$$libshutdown$$0000000C)
    .ARM.Collect$$libshutdown$$0000000F      0x08000376   Section        0  libshutdown2.o(.ARM.Collect$$libshutdown$$0000000F)
    .ARM.Collect$$libshutdown$$00000010      0x08000376   Section        2  libshutdown2.o(.ARM.Collect$$libshutdown$$00000010)
    .ARM.Collect$$rtentry$$00000000          0x08000378   Section        0  __rtentry.o(.ARM.Collect$$rtentry$$00000000)
    .ARM.Collect$$rtentry$$00000002          0x08000378   Section        0  __rtentry2.o(.ARM.Collect$$rtentry$$00000002)
    .ARM.Collect$$rtentry$$00000004          0x08000378   Section        6  __rtentry4.o(.ARM.Collect$$rtentry$$00000004)
    .ARM.Collect$$rtentry$$00000009          0x0800037e   Section        0  __rtentry2.o(.ARM.Collect$$rtentry$$00000009)
    .ARM.Collect$$rtentry$$0000000A          0x0800037e   Section        4  __rtentry2.o(.ARM.Collect$$rtentry$$0000000A)
    .ARM.Collect$$rtentry$$0000000C          0x08000382   Section        0  __rtentry2.o(.ARM.Collect$$rtentry$$0000000C)
    .ARM.Collect$$rtentry$$0000000D          0x08000382   Section        8  __rtentry2.o(.ARM.Collect$$rtentry$$0000000D)
    .ARM.Collect$$rtexit$$00000000           0x0800038a   Section        2  rtexit.o(.ARM.Collect$$rtexit$$00000000)
    .ARM.Collect$$rtexit$$00000002           0x0800038c   Section        0  rtexit2.o(.ARM.Collect$$rtexit$$00000002)
    .ARM.Collect$$rtexit$$00000003           0x0800038c   Section        4  rtexit2.o(.ARM.Collect$$rtexit$$00000003)
    .ARM.Collect$$rtexit$$00000004           0x08000390   Section        6  rtexit2.o(.ARM.Collect$$rtexit$$00000004)
    $v0                                      0x08000398   Number         0  startup_stm32h723xx.o(.text)
    .text                                    0x08000398   Section       64  startup_stm32h723xx.o(.text)
    .text                                    0x080003d8   Section       78  rt_memclr_w.o(.text)
    .text                                    0x08000426   Section        0  heapauxi.o(.text)
    .text                                    0x0800042c   Section       74  sys_stackheap_outer.o(.text)
    .text                                    0x08000476   Section        0  exit.o(.text)
    .text                                    0x08000488   Section        8  libspace.o(.text)
    .text                                    0x08000490   Section        0  sys_exit.o(.text)
    .text                                    0x0800049c   Section        2  use_no_semi.o(.text)
    .text                                    0x0800049e   Section        0  indicate_semi.o(.text)
    [Anonymous Symbol]                       0x080004a0   Section        0  stm32h7xx_it.o(.text.BusFault_Handler)
    [Anonymous Symbol]                       0x080004a8   Section        0  stm32h7xx_it.o(.text.DebugMon_Handler)
    [Anonymous Symbol]                       0x080004b0   Section        0  main.o(.text.Error_Handler)
    [Anonymous Symbol]                       0x080004c0   Section        0  delay.o(.text.HAL_Delay)
    [Anonymous Symbol]                       0x08000568   Section        0  stm32h7xx_hal_gpio.o(.text.HAL_GPIO_Init)
    [Anonymous Symbol]                       0x08000710   Section        0  stm32h7xx_hal_gpio.o(.text.HAL_GPIO_ReadPin)
    [Anonymous Symbol]                       0x08000720   Section        0  stm32h7xx_hal_gpio.o(.text.HAL_GPIO_WritePin)
    [Anonymous Symbol]                       0x08000730   Section        0  stm32h7xx_hal.o(.text.HAL_GetTick)
    [Anonymous Symbol]                       0x08000740   Section        0  stm32h7xx_hal.o(.text.HAL_IncTick)
    [Anonymous Symbol]                       0x08000760   Section        0  stm32h7xx_hal.o(.text.HAL_Init)
    [Anonymous Symbol]                       0x080007c8   Section        0  stm32h7xx_hal.o(.text.HAL_InitTick)
    [Anonymous Symbol]                       0x08000820   Section        0  stm32h7xx_hal_cortex.o(.text.HAL_MPU_ConfigRegion)
    [Anonymous Symbol]                       0x08000880   Section        0  stm32h7xx_hal_cortex.o(.text.HAL_MPU_Disable)
    [Anonymous Symbol]                       0x080008a0   Section        0  stm32h7xx_hal_cortex.o(.text.HAL_MPU_Enable)
    [Anonymous Symbol]                       0x080008c0   Section        0  stm32h7xx_hal_msp.o(.text.HAL_MspInit)
    [Anonymous Symbol]                       0x080008e0   Section        0  stm32h7xx_hal_cortex.o(.text.HAL_NVIC_SetPriority)
    [Anonymous Symbol]                       0x08000940   Section        0  stm32h7xx_hal_cortex.o(.text.HAL_NVIC_SetPriorityGrouping)
    [Anonymous Symbol]                       0x08000960   Section        0  stm32h7xx_hal_pwr_ex.o(.text.HAL_PWREx_ConfigSupply)
    [Anonymous Symbol]                       0x080009a8   Section        0  stm32h7xx_hal_rcc.o(.text.HAL_RCC_ClockConfig)
    [Anonymous Symbol]                       0x08000bf8   Section        0  stm32h7xx_hal_rcc.o(.text.HAL_RCC_GetSysClockFreq)
    [Anonymous Symbol]                       0x08000d08   Section        0  stm32h7xx_hal_rcc.o(.text.HAL_RCC_OscConfig)
    [Anonymous Symbol]                       0x080012d8   Section        0  stm32h7xx_hal_cortex.o(.text.HAL_SYSTICK_CLKSourceConfig)
    [Anonymous Symbol]                       0x080012f0   Section        0  stm32h7xx_hal_cortex.o(.text.HAL_SYSTICK_Config)
    [Anonymous Symbol]                       0x08001320   Section        0  stm32h7xx_hal_tim.o(.text.HAL_TIM_Base_Init)
    [Anonymous Symbol]                       0x08001380   Section        0  tim.o(.text.HAL_TIM_Base_MspInit)
    [Anonymous Symbol]                       0x080013d8   Section        0  stm32h7xx_it.o(.text.HardFault_Handler)
    [Anonymous Symbol]                       0x080013e0   Section        0  gpio.o(.text.MX_GPIO_Init)
    [Anonymous Symbol]                       0x080014b0   Section        0  tim.o(.text.MX_TIM13_Init)
    [Anonymous Symbol]                       0x080014f0   Section        0  tim.o(.text.MX_TIM14_Init)
    [Anonymous Symbol]                       0x08001530   Section        0  stm32h7xx_it.o(.text.MemManage_Handler)
    [Anonymous Symbol]                       0x08001538   Section        0  stm32h7xx_it.o(.text.NMI_Handler)
    [Anonymous Symbol]                       0x08001540   Section        0  stm32h7xx_it.o(.text.PendSV_Handler)
    [Anonymous Symbol]                       0x08001548   Section        0  stm32h7xx_it.o(.text.SVC_Handler)
    [Anonymous Symbol]                       0x08001550   Section        0  stm32h7xx_it.o(.text.SysTick_Handler)
    [Anonymous Symbol]                       0x08001558   Section        0  main.o(.text.SystemClock_Config)
    [Anonymous Symbol]                       0x08001610   Section        0  system_stm32h7xx.o(.text.SystemInit)
    [Anonymous Symbol]                       0x080016c0   Section        0  stm32h7xx_hal_tim.o(.text.TIM_Base_SetConfig)
    [Anonymous Symbol]                       0x08001828   Section        0  stm32h7xx_it.o(.text.UsageFault_Handler)
    [Anonymous Symbol]                       0x08001830   Section        0  delay.o(.text.delay_init)
    [Anonymous Symbol]                       0x08001848   Section        0  delay.o(.text.delay_us)
    [Anonymous Symbol]                       0x08001898   Section        0  main.o(.text.main)
    $v0                                      0x08001a88   Number         0  fpinit.o(x$fpl$fpinit)
    x$fpl$fpinit                             0x08001a88   Section       26  fpinit.o(x$fpl$fpinit)
    Stack_Mem                                0x20000000   Data        1024  startup_stm32h723xx.o(STACK)
    STACK                                    0x20000000   Section     1024  startup_stm32h723xx.o(STACK)
    __initial_sp                             0x20000400   Data           0  startup_stm32h723xx.o(STACK)
    .bss                                     0x24000010   Section       96  libspace.o(.bss)
    g_fac_us                                 0x24000090   Data           4  delay.o(.bss.g_fac_us)
    [Anonymous Symbol]                       0x24000090   Section        0  delay.o(.bss.g_fac_us)
    Heap_Mem                                 0x24000150   Data         512  startup_stm32h723xx.o(HEAP)
    HEAP                                     0x24000150   Section      512  startup_stm32h723xx.o(HEAP)

    Global Symbols

    Symbol Name                              Value     Ov Type        Size  Object(Section)

    BuildAttributes$$THM_ISAv4$E$P$D$K$B$S$7EM$VFPv5_D16$PE$PLD8$A:L22UL41UL21$X:L11$S22US41US21$IEEE1$IW$~IW$USESV6$~STKCKD$USESV7$~SHL$OTIME$ROPI$EBA8$UX$STANDARDLIB$REQ8$PRES8$EABIv2 0x00000000   Number         0  anon$$obj.o ABSOLUTE
    __ARM_exceptions_init                     - Undefined Weak Reference
    __alloca_initialize                       - Undefined Weak Reference
    __arm_preinit_                            - Undefined Weak Reference
    __arm_relocate_pie_                       - Undefined Weak Reference
    __cpp_initialize__aeabi_                  - Undefined Weak Reference
    __cxa_finalize                            - Undefined Weak Reference
    __rt_locale                               - Undefined Weak Reference
    __sigvec_lookup                           - Undefined Weak Reference
    _atexit_init                              - Undefined Weak Reference
    _call_atexit_fns                          - Undefined Weak Reference
    _clock_init                               - Undefined Weak Reference
    _fp_trap_init                             - Undefined Weak Reference
    _fp_trap_shutdown                         - Undefined Weak Reference
    _get_lc_collate                           - Undefined Weak Reference
    _get_lc_ctype                             - Undefined Weak Reference
    _get_lc_monetary                          - Undefined Weak Reference
    _get_lc_numeric                           - Undefined Weak Reference
    _get_lc_time                              - Undefined Weak Reference
    _getenv_init                              - Undefined Weak Reference
    _handle_redirection                       - Undefined Weak Reference
    _init_alloc                               - Undefined Weak Reference
    _init_user_alloc                          - Undefined Weak Reference
    _initio                                   - Undefined Weak Reference
    _rand_init                                - Undefined Weak Reference
    _signal_finish                            - Undefined Weak Reference
    _signal_init                              - Undefined Weak Reference
    _terminate_alloc                          - Undefined Weak Reference
    _terminate_user_alloc                     - Undefined Weak Reference
    _terminateio                              - Undefined Weak Reference
    __Vectors_Size                           0x000002cc   Number         0  startup_stm32h723xx.o ABSOLUTE
    __Vectors                                0x08000000   Data           4  startup_stm32h723xx.o(RESET)
    __Vectors_End                            0x080002cc   Data           0  startup_stm32h723xx.o(RESET)
    __main                                   0x080002cd   Thumb Code     8  __main.o(!!!main)
    __scatterload                            0x080002d5   Thumb Code     0  __scatter.o(!!!scatter)
    __scatterload_rt2                        0x080002d5   Thumb Code    84  __scatter.o(!!!scatter)
    __scatterload_rt2_thumb_only             0x080002d5   Thumb Code     0  __scatter.o(!!!scatter)
    __scatterload_loop                       0x080002df   Thumb Code     0  __scatter.o(!!!scatter)
    __scatterload_copy                       0x08000331   Thumb Code    26  __scatter_copy.o(!!handler_copy)
    __scatterload_null                       0x0800034d   Thumb Code     2  __scatter.o(!!handler_null)
    __scatterload_zeroinit                   0x08000351   Thumb Code    28  __scatter_zi.o(!!handler_zi)
    __rt_lib_init                            0x0800036d   Thumb Code     0  libinit.o(.ARM.Collect$$libinit$$00000000)
    __rt_lib_init_fp_1                       0x0800036f   Thumb Code     0  libinit2.o(.ARM.Collect$$libinit$$00000001)
    __rt_lib_init_alloca_1                   0x08000373   Thumb Code     0  libinit2.o(.ARM.Collect$$libinit$$00000030)
    __rt_lib_init_argv_1                     0x08000373   Thumb Code     0  libinit2.o(.ARM.Collect$$libinit$$0000002E)
    __rt_lib_init_atexit_1                   0x08000373   Thumb Code     0  libinit2.o(.ARM.Collect$$libinit$$0000001D)
    __rt_lib_init_clock_1                    0x08000373   Thumb Code     0  libinit2.o(.ARM.Collect$$libinit$$00000023)
    __rt_lib_init_cpp_1                      0x08000373   Thumb Code     0  libinit2.o(.ARM.Collect$$libinit$$00000034)
    __rt_lib_init_exceptions_1               0x08000373   Thumb Code     0  libinit2.o(.ARM.Collect$$libinit$$00000032)
    __rt_lib_init_fp_trap_1                  0x08000373   Thumb Code     0  libinit2.o(.ARM.Collect$$libinit$$00000021)
    __rt_lib_init_getenv_1                   0x08000373   Thumb Code     0  libinit2.o(.ARM.Collect$$libinit$$00000025)
    __rt_lib_init_heap_1                     0x08000373   Thumb Code     0  libinit2.o(.ARM.Collect$$libinit$$0000000C)
    __rt_lib_init_lc_collate_1               0x08000373   Thumb Code     0  libinit2.o(.ARM.Collect$$libinit$$00000013)
    __rt_lib_init_lc_ctype_1                 0x08000373   Thumb Code     0  libinit2.o(.ARM.Collect$$libinit$$00000015)
    __rt_lib_init_lc_monetary_1              0x08000373   Thumb Code     0  libinit2.o(.ARM.Collect$$libinit$$00000017)
    __rt_lib_init_lc_numeric_1               0x08000373   Thumb Code     0  libinit2.o(.ARM.Collect$$libinit$$00000019)
    __rt_lib_init_lc_time_1                  0x08000373   Thumb Code     0  libinit2.o(.ARM.Collect$$libinit$$0000001B)
    __rt_lib_init_preinit_1                  0x08000373   Thumb Code     0  libinit2.o(.ARM.Collect$$libinit$$00000006)
    __rt_lib_init_rand_1                     0x08000373   Thumb Code     0  libinit2.o(.ARM.Collect$$libinit$$00000010)
    __rt_lib_init_relocate_pie_1             0x08000373   Thumb Code     0  libinit2.o(.ARM.Collect$$libinit$$00000004)
    __rt_lib_init_return                     0x08000373   Thumb Code     0  libinit2.o(.ARM.Collect$$libinit$$00000035)
    __rt_lib_init_signal_1                   0x08000373   Thumb Code     0  libinit2.o(.ARM.Collect$$libinit$$0000001F)
    __rt_lib_init_stdio_1                    0x08000373   Thumb Code     0  libinit2.o(.ARM.Collect$$libinit$$00000027)
    __rt_lib_init_user_alloc_1               0x08000373   Thumb Code     0  libinit2.o(.ARM.Collect$$libinit$$0000000E)
    __rt_lib_shutdown                        0x08000375   Thumb Code     0  libshutdown.o(.ARM.Collect$$libshutdown$$00000000)
    __rt_lib_shutdown_cpp_1                  0x08000377   Thumb Code     0  libshutdown2.o(.ARM.Collect$$libshutdown$$00000002)
    __rt_lib_shutdown_fp_trap_1              0x08000377   Thumb Code     0  libshutdown2.o(.ARM.Collect$$libshutdown$$00000007)
    __rt_lib_shutdown_heap_1                 0x08000377   Thumb Code     0  libshutdown2.o(.ARM.Collect$$libshutdown$$0000000F)
    __rt_lib_shutdown_return                 0x08000377   Thumb Code     0  libshutdown2.o(.ARM.Collect$$libshutdown$$00000010)
    __rt_lib_shutdown_signal_1               0x08000377   Thumb Code     0  libshutdown2.o(.ARM.Collect$$libshutdown$$0000000A)
    __rt_lib_shutdown_stdio_1                0x08000377   Thumb Code     0  libshutdown2.o(.ARM.Collect$$libshutdown$$00000004)
    __rt_lib_shutdown_user_alloc_1           0x08000377   Thumb Code     0  libshutdown2.o(.ARM.Collect$$libshutdown$$0000000C)
    __rt_entry                               0x08000379   Thumb Code     0  __rtentry.o(.ARM.Collect$$rtentry$$00000000)
    __rt_entry_presh_1                       0x08000379   Thumb Code     0  __rtentry2.o(.ARM.Collect$$rtentry$$00000002)
    __rt_entry_sh                            0x08000379   Thumb Code     0  __rtentry4.o(.ARM.Collect$$rtentry$$00000004)
    __rt_entry_li                            0x0800037f   Thumb Code     0  __rtentry2.o(.ARM.Collect$$rtentry$$0000000A)
    __rt_entry_postsh_1                      0x0800037f   Thumb Code     0  __rtentry2.o(.ARM.Collect$$rtentry$$00000009)
    __rt_entry_main                          0x08000383   Thumb Code     0  __rtentry2.o(.ARM.Collect$$rtentry$$0000000D)
    __rt_entry_postli_1                      0x08000383   Thumb Code     0  __rtentry2.o(.ARM.Collect$$rtentry$$0000000C)
    __rt_exit                                0x0800038b   Thumb Code     0  rtexit.o(.ARM.Collect$$rtexit$$00000000)
    __rt_exit_ls                             0x0800038d   Thumb Code     0  rtexit2.o(.ARM.Collect$$rtexit$$00000003)
    __rt_exit_prels_1                        0x0800038d   Thumb Code     0  rtexit2.o(.ARM.Collect$$rtexit$$00000002)
    __rt_exit_exit                           0x08000391   Thumb Code     0  rtexit2.o(.ARM.Collect$$rtexit$$00000004)
    Reset_Handler                            0x08000399   Thumb Code     8  startup_stm32h723xx.o(.text)
    ADC3_IRQHandler                          0x080003b3   Thumb Code     0  startup_stm32h723xx.o(.text)
    ADC_IRQHandler                           0x080003b3   Thumb Code     0  startup_stm32h723xx.o(.text)
    BDMA_Channel0_IRQHandler                 0x080003b3   Thumb Code     0  startup_stm32h723xx.o(.text)
    BDMA_Channel1_IRQHandler                 0x080003b3   Thumb Code     0  startup_stm32h723xx.o(.text)
    BDMA_Channel2_IRQHandler                 0x080003b3   Thumb Code     0  startup_stm32h723xx.o(.text)
    BDMA_Channel3_IRQHandler                 0x080003b3   Thumb Code     0  startup_stm32h723xx.o(.text)
    BDMA_Channel4_IRQHandler                 0x080003b3   Thumb Code     0  startup_stm32h723xx.o(.text)
    BDMA_Channel5_IRQHandler                 0x080003b3   Thumb Code     0  startup_stm32h723xx.o(.text)
    BDMA_Channel6_IRQHandler                 0x080003b3   Thumb Code     0  startup_stm32h723xx.o(.text)
    BDMA_Channel7_IRQHandler                 0x080003b3   Thumb Code     0  startup_stm32h723xx.o(.text)
    CEC_IRQHandler                           0x080003b3   Thumb Code     0  startup_stm32h723xx.o(.text)
    COMP1_IRQHandler                         0x080003b3   Thumb Code     0  startup_stm32h723xx.o(.text)
    CORDIC_IRQHandler                        0x080003b3   Thumb Code     0  startup_stm32h723xx.o(.text)
    CRS_IRQHandler                           0x080003b3   Thumb Code     0  startup_stm32h723xx.o(.text)
    DCMI_PSSI_IRQHandler                     0x080003b3   Thumb Code     0  startup_stm32h723xx.o(.text)
    DFSDM1_FLT0_IRQHandler                   0x080003b3   Thumb Code     0  startup_stm32h723xx.o(.text)
    DFSDM1_FLT1_IRQHandler                   0x080003b3   Thumb Code     0  startup_stm32h723xx.o(.text)
    DFSDM1_FLT2_IRQHandler                   0x080003b3   Thumb Code     0  startup_stm32h723xx.o(.text)
    DFSDM1_FLT3_IRQHandler                   0x080003b3   Thumb Code     0  startup_stm32h723xx.o(.text)
    DMA1_Stream0_IRQHandler                  0x080003b3   Thumb Code     0  startup_stm32h723xx.o(.text)
    DMA1_Stream1_IRQHandler                  0x080003b3   Thumb Code     0  startup_stm32h723xx.o(.text)
    DMA1_Stream2_IRQHandler                  0x080003b3   Thumb Code     0  startup_stm32h723xx.o(.text)
    DMA1_Stream3_IRQHandler                  0x080003b3   Thumb Code     0  startup_stm32h723xx.o(.text)
    DMA1_Stream4_IRQHandler                  0x080003b3   Thumb Code     0  startup_stm32h723xx.o(.text)
    DMA1_Stream5_IRQHandler                  0x080003b3   Thumb Code     0  startup_stm32h723xx.o(.text)
    DMA1_Stream6_IRQHandler                  0x080003b3   Thumb Code     0  startup_stm32h723xx.o(.text)
    DMA1_Stream7_IRQHandler                  0x080003b3   Thumb Code     0  startup_stm32h723xx.o(.text)
    DMA2D_IRQHandler                         0x080003b3   Thumb Code     0  startup_stm32h723xx.o(.text)
    DMA2_Stream0_IRQHandler                  0x080003b3   Thumb Code     0  startup_stm32h723xx.o(.text)
    DMA2_Stream1_IRQHandler                  0x080003b3   Thumb Code     0  startup_stm32h723xx.o(.text)
    DMA2_Stream2_IRQHandler                  0x080003b3   Thumb Code     0  startup_stm32h723xx.o(.text)
    DMA2_Stream3_IRQHandler                  0x080003b3   Thumb Code     0  startup_stm32h723xx.o(.text)
    DMA2_Stream4_IRQHandler                  0x080003b3   Thumb Code     0  startup_stm32h723xx.o(.text)
    DMA2_Stream5_IRQHandler                  0x080003b3   Thumb Code     0  startup_stm32h723xx.o(.text)
    DMA2_Stream6_IRQHandler                  0x080003b3   Thumb Code     0  startup_stm32h723xx.o(.text)
    DMA2_Stream7_IRQHandler                  0x080003b3   Thumb Code     0  startup_stm32h723xx.o(.text)
    DMAMUX1_OVR_IRQHandler                   0x080003b3   Thumb Code     0  startup_stm32h723xx.o(.text)
    DMAMUX2_OVR_IRQHandler                   0x080003b3   Thumb Code     0  startup_stm32h723xx.o(.text)
    DTS_IRQHandler                           0x080003b3   Thumb Code     0  startup_stm32h723xx.o(.text)
    ECC_IRQHandler                           0x080003b3   Thumb Code     0  startup_stm32h723xx.o(.text)
    ETH_IRQHandler                           0x080003b3   Thumb Code     0  startup_stm32h723xx.o(.text)
    ETH_WKUP_IRQHandler                      0x080003b3   Thumb Code     0  startup_stm32h723xx.o(.text)
    EXTI0_IRQHandler                         0x080003b3   Thumb Code     0  startup_stm32h723xx.o(.text)
    EXTI15_10_IRQHandler                     0x080003b3   Thumb Code     0  startup_stm32h723xx.o(.text)
    EXTI1_IRQHandler                         0x080003b3   Thumb Code     0  startup_stm32h723xx.o(.text)
    EXTI2_IRQHandler                         0x080003b3   Thumb Code     0  startup_stm32h723xx.o(.text)
    EXTI3_IRQHandler                         0x080003b3   Thumb Code     0  startup_stm32h723xx.o(.text)
    EXTI4_IRQHandler                         0x080003b3   Thumb Code     0  startup_stm32h723xx.o(.text)
    EXTI9_5_IRQHandler                       0x080003b3   Thumb Code     0  startup_stm32h723xx.o(.text)
    FDCAN1_IT0_IRQHandler                    0x080003b3   Thumb Code     0  startup_stm32h723xx.o(.text)
    FDCAN1_IT1_IRQHandler                    0x080003b3   Thumb Code     0  startup_stm32h723xx.o(.text)
    FDCAN2_IT0_IRQHandler                    0x080003b3   Thumb Code     0  startup_stm32h723xx.o(.text)
    FDCAN2_IT1_IRQHandler                    0x080003b3   Thumb Code     0  startup_stm32h723xx.o(.text)
    FDCAN3_IT0_IRQHandler                    0x080003b3   Thumb Code     0  startup_stm32h723xx.o(.text)
    FDCAN3_IT1_IRQHandler                    0x080003b3   Thumb Code     0  startup_stm32h723xx.o(.text)
    FDCAN_CAL_IRQHandler                     0x080003b3   Thumb Code     0  startup_stm32h723xx.o(.text)
    FLASH_IRQHandler                         0x080003b3   Thumb Code     0  startup_stm32h723xx.o(.text)
    FMAC_IRQHandler                          0x080003b3   Thumb Code     0  startup_stm32h723xx.o(.text)
    FMC_IRQHandler                           0x080003b3   Thumb Code     0  startup_stm32h723xx.o(.text)
    FPU_IRQHandler                           0x080003b3   Thumb Code     0  startup_stm32h723xx.o(.text)
    HSEM1_IRQHandler                         0x080003b3   Thumb Code     0  startup_stm32h723xx.o(.text)
    I2C1_ER_IRQHandler                       0x080003b3   Thumb Code     0  startup_stm32h723xx.o(.text)
    I2C1_EV_IRQHandler                       0x080003b3   Thumb Code     0  startup_stm32h723xx.o(.text)
    I2C2_ER_IRQHandler                       0x080003b3   Thumb Code     0  startup_stm32h723xx.o(.text)
    I2C2_EV_IRQHandler                       0x080003b3   Thumb Code     0  startup_stm32h723xx.o(.text)
    I2C3_ER_IRQHandler                       0x080003b3   Thumb Code     0  startup_stm32h723xx.o(.text)
    I2C3_EV_IRQHandler                       0x080003b3   Thumb Code     0  startup_stm32h723xx.o(.text)
    I2C4_ER_IRQHandler                       0x080003b3   Thumb Code     0  startup_stm32h723xx.o(.text)
    I2C4_EV_IRQHandler                       0x080003b3   Thumb Code     0  startup_stm32h723xx.o(.text)
    I2C5_ER_IRQHandler                       0x080003b3   Thumb Code     0  startup_stm32h723xx.o(.text)
    I2C5_EV_IRQHandler                       0x080003b3   Thumb Code     0  startup_stm32h723xx.o(.text)
    LPTIM1_IRQHandler                        0x080003b3   Thumb Code     0  startup_stm32h723xx.o(.text)
    LPTIM2_IRQHandler                        0x080003b3   Thumb Code     0  startup_stm32h723xx.o(.text)
    LPTIM3_IRQHandler                        0x080003b3   Thumb Code     0  startup_stm32h723xx.o(.text)
    LPTIM4_IRQHandler                        0x080003b3   Thumb Code     0  startup_stm32h723xx.o(.text)
    LPTIM5_IRQHandler                        0x080003b3   Thumb Code     0  startup_stm32h723xx.o(.text)
    LPUART1_IRQHandler                       0x080003b3   Thumb Code     0  startup_stm32h723xx.o(.text)
    LTDC_ER_IRQHandler                       0x080003b3   Thumb Code     0  startup_stm32h723xx.o(.text)
    LTDC_IRQHandler                          0x080003b3   Thumb Code     0  startup_stm32h723xx.o(.text)
    MDIOS_IRQHandler                         0x080003b3   Thumb Code     0  startup_stm32h723xx.o(.text)
    MDIOS_WKUP_IRQHandler                    0x080003b3   Thumb Code     0  startup_stm32h723xx.o(.text)
    MDMA_IRQHandler                          0x080003b3   Thumb Code     0  startup_stm32h723xx.o(.text)
    OCTOSPI1_IRQHandler                      0x080003b3   Thumb Code     0  startup_stm32h723xx.o(.text)
    OCTOSPI2_IRQHandler                      0x080003b3   Thumb Code     0  startup_stm32h723xx.o(.text)
    OTG_HS_EP1_IN_IRQHandler                 0x080003b3   Thumb Code     0  startup_stm32h723xx.o(.text)
    OTG_HS_EP1_OUT_IRQHandler                0x080003b3   Thumb Code     0  startup_stm32h723xx.o(.text)
    OTG_HS_IRQHandler                        0x080003b3   Thumb Code     0  startup_stm32h723xx.o(.text)
    OTG_HS_WKUP_IRQHandler                   0x080003b3   Thumb Code     0  startup_stm32h723xx.o(.text)
    PVD_AVD_IRQHandler                       0x080003b3   Thumb Code     0  startup_stm32h723xx.o(.text)
    RCC_IRQHandler                           0x080003b3   Thumb Code     0  startup_stm32h723xx.o(.text)
    RNG_IRQHandler                           0x080003b3   Thumb Code     0  startup_stm32h723xx.o(.text)
    RTC_Alarm_IRQHandler                     0x080003b3   Thumb Code     0  startup_stm32h723xx.o(.text)
    RTC_WKUP_IRQHandler                      0x080003b3   Thumb Code     0  startup_stm32h723xx.o(.text)
    SAI1_IRQHandler                          0x080003b3   Thumb Code     0  startup_stm32h723xx.o(.text)
    SAI4_IRQHandler                          0x080003b3   Thumb Code     0  startup_stm32h723xx.o(.text)
    SDMMC1_IRQHandler                        0x080003b3   Thumb Code     0  startup_stm32h723xx.o(.text)
    SDMMC2_IRQHandler                        0x080003b3   Thumb Code     0  startup_stm32h723xx.o(.text)
    SPDIF_RX_IRQHandler                      0x080003b3   Thumb Code     0  startup_stm32h723xx.o(.text)
    SPI1_IRQHandler                          0x080003b3   Thumb Code     0  startup_stm32h723xx.o(.text)
    SPI2_IRQHandler                          0x080003b3   Thumb Code     0  startup_stm32h723xx.o(.text)
    SPI3_IRQHandler                          0x080003b3   Thumb Code     0  startup_stm32h723xx.o(.text)
    SPI4_IRQHandler                          0x080003b3   Thumb Code     0  startup_stm32h723xx.o(.text)
    SPI5_IRQHandler                          0x080003b3   Thumb Code     0  startup_stm32h723xx.o(.text)
    SPI6_IRQHandler                          0x080003b3   Thumb Code     0  startup_stm32h723xx.o(.text)
    SWPMI1_IRQHandler                        0x080003b3   Thumb Code     0  startup_stm32h723xx.o(.text)
    TAMP_STAMP_IRQHandler                    0x080003b3   Thumb Code     0  startup_stm32h723xx.o(.text)
    TIM15_IRQHandler                         0x080003b3   Thumb Code     0  startup_stm32h723xx.o(.text)
    TIM16_IRQHandler                         0x080003b3   Thumb Code     0  startup_stm32h723xx.o(.text)
    TIM17_IRQHandler                         0x080003b3   Thumb Code     0  startup_stm32h723xx.o(.text)
    TIM1_BRK_IRQHandler                      0x080003b3   Thumb Code     0  startup_stm32h723xx.o(.text)
    TIM1_CC_IRQHandler                       0x080003b3   Thumb Code     0  startup_stm32h723xx.o(.text)
    TIM1_TRG_COM_IRQHandler                  0x080003b3   Thumb Code     0  startup_stm32h723xx.o(.text)
    TIM1_UP_IRQHandler                       0x080003b3   Thumb Code     0  startup_stm32h723xx.o(.text)
    TIM23_IRQHandler                         0x080003b3   Thumb Code     0  startup_stm32h723xx.o(.text)
    TIM24_IRQHandler                         0x080003b3   Thumb Code     0  startup_stm32h723xx.o(.text)
    TIM2_IRQHandler                          0x080003b3   Thumb Code     0  startup_stm32h723xx.o(.text)
    TIM3_IRQHandler                          0x080003b3   Thumb Code     0  startup_stm32h723xx.o(.text)
    TIM4_IRQHandler                          0x080003b3   Thumb Code     0  startup_stm32h723xx.o(.text)
    TIM5_IRQHandler                          0x080003b3   Thumb Code     0  startup_stm32h723xx.o(.text)
    TIM6_DAC_IRQHandler                      0x080003b3   Thumb Code     0  startup_stm32h723xx.o(.text)
    TIM7_IRQHandler                          0x080003b3   Thumb Code     0  startup_stm32h723xx.o(.text)
    TIM8_BRK_TIM12_IRQHandler                0x080003b3   Thumb Code     0  startup_stm32h723xx.o(.text)
    TIM8_CC_IRQHandler                       0x080003b3   Thumb Code     0  startup_stm32h723xx.o(.text)
    TIM8_TRG_COM_TIM14_IRQHandler            0x080003b3   Thumb Code     0  startup_stm32h723xx.o(.text)
    TIM8_UP_TIM13_IRQHandler                 0x080003b3   Thumb Code     0  startup_stm32h723xx.o(.text)
    UART4_IRQHandler                         0x080003b3   Thumb Code     0  startup_stm32h723xx.o(.text)
    UART5_IRQHandler                         0x080003b3   Thumb Code     0  startup_stm32h723xx.o(.text)
    UART7_IRQHandler                         0x080003b3   Thumb Code     0  startup_stm32h723xx.o(.text)
    UART8_IRQHandler                         0x080003b3   Thumb Code     0  startup_stm32h723xx.o(.text)
    UART9_IRQHandler                         0x080003b3   Thumb Code     0  startup_stm32h723xx.o(.text)
    USART10_IRQHandler                       0x080003b3   Thumb Code     0  startup_stm32h723xx.o(.text)
    USART1_IRQHandler                        0x080003b3   Thumb Code     0  startup_stm32h723xx.o(.text)
    USART2_IRQHandler                        0x080003b3   Thumb Code     0  startup_stm32h723xx.o(.text)
    USART3_IRQHandler                        0x080003b3   Thumb Code     0  startup_stm32h723xx.o(.text)
    USART6_IRQHandler                        0x080003b3   Thumb Code     0  startup_stm32h723xx.o(.text)
    WAKEUP_PIN_IRQHandler                    0x080003b3   Thumb Code     0  startup_stm32h723xx.o(.text)
    WWDG_IRQHandler                          0x080003b3   Thumb Code     0  startup_stm32h723xx.o(.text)
    __user_initial_stackheap                 0x080003b5   Thumb Code     0  startup_stm32h723xx.o(.text)
    __aeabi_memclr4                          0x080003d9   Thumb Code     0  rt_memclr_w.o(.text)
    __aeabi_memclr8                          0x080003d9   Thumb Code     0  rt_memclr_w.o(.text)
    __rt_memclr_w                            0x080003d9   Thumb Code     0  rt_memclr_w.o(.text)
    _memset_w                                0x080003dd   Thumb Code    74  rt_memclr_w.o(.text)
    __use_two_region_memory                  0x08000427   Thumb Code     2  heapauxi.o(.text)
    __rt_heap_escrow$2region                 0x08000429   Thumb Code     2  heapauxi.o(.text)
    __rt_heap_expand$2region                 0x0800042b   Thumb Code     2  heapauxi.o(.text)
    __user_setup_stackheap                   0x0800042d   Thumb Code    74  sys_stackheap_outer.o(.text)
    exit                                     0x08000477   Thumb Code    18  exit.o(.text)
    __user_libspace                          0x08000489   Thumb Code     8  libspace.o(.text)
    __user_perproc_libspace                  0x08000489   Thumb Code     0  libspace.o(.text)
    __user_perthread_libspace                0x08000489   Thumb Code     0  libspace.o(.text)
    _sys_exit                                0x08000491   Thumb Code     8  sys_exit.o(.text)
    __I$use$semihosting                      0x0800049d   Thumb Code     0  use_no_semi.o(.text)
    __use_no_semihosting_swi                 0x0800049d   Thumb Code     2  use_no_semi.o(.text)
    __semihosting_library_function           0x0800049f   Thumb Code     0  indicate_semi.o(.text)
    BusFault_Handler                         0x080004a1   Thumb Code     2  stm32h7xx_it.o(.text.BusFault_Handler)
    DebugMon_Handler                         0x080004a9   Thumb Code     2  stm32h7xx_it.o(.text.DebugMon_Handler)
    Error_Handler                            0x080004b1   Thumb Code    10  main.o(.text.Error_Handler)
    HAL_Delay                                0x080004c1   Thumb Code   166  delay.o(.text.HAL_Delay)
    HAL_GPIO_Init                            0x08000569   Thumb Code   418  stm32h7xx_hal_gpio.o(.text.HAL_GPIO_Init)
    HAL_GPIO_ReadPin                         0x08000711   Thumb Code    10  stm32h7xx_hal_gpio.o(.text.HAL_GPIO_ReadPin)
    HAL_GPIO_WritePin                        0x08000721   Thumb Code    10  stm32h7xx_hal_gpio.o(.text.HAL_GPIO_WritePin)
    HAL_GetTick                              0x08000731   Thumb Code    12  stm32h7xx_hal.o(.text.HAL_GetTick)
    HAL_IncTick                              0x08000741   Thumb Code    26  stm32h7xx_hal.o(.text.HAL_IncTick)
    HAL_Init                                 0x08000761   Thumb Code   100  stm32h7xx_hal.o(.text.HAL_Init)
    HAL_InitTick                             0x080007c9   Thumb Code    88  stm32h7xx_hal.o(.text.HAL_InitTick)
    HAL_MPU_ConfigRegion                     0x08000821   Thumb Code    94  stm32h7xx_hal_cortex.o(.text.HAL_MPU_ConfigRegion)
    HAL_MPU_Disable                          0x08000881   Thumb Code    26  stm32h7xx_hal_cortex.o(.text.HAL_MPU_Disable)
    HAL_MPU_Enable                           0x080008a1   Thumb Code    32  stm32h7xx_hal_cortex.o(.text.HAL_MPU_Enable)
    HAL_MspInit                              0x080008c1   Thumb Code    32  stm32h7xx_hal_msp.o(.text.HAL_MspInit)
    HAL_NVIC_SetPriority                     0x080008e1   Thumb Code    90  stm32h7xx_hal_cortex.o(.text.HAL_NVIC_SetPriority)
    HAL_NVIC_SetPriorityGrouping             0x08000941   Thumb Code    32  stm32h7xx_hal_cortex.o(.text.HAL_NVIC_SetPriorityGrouping)
    HAL_PWREx_ConfigSupply                   0x08000961   Thumb Code    72  stm32h7xx_hal_pwr_ex.o(.text.HAL_PWREx_ConfigSupply)
    HAL_RCC_ClockConfig                      0x080009a9   Thumb Code   586  stm32h7xx_hal_rcc.o(.text.HAL_RCC_ClockConfig)
    HAL_RCC_GetSysClockFreq                  0x08000bf9   Thumb Code   252  stm32h7xx_hal_rcc.o(.text.HAL_RCC_GetSysClockFreq)
    HAL_RCC_OscConfig                        0x08000d09   Thumb Code  1486  stm32h7xx_hal_rcc.o(.text.HAL_RCC_OscConfig)
    HAL_SYSTICK_CLKSourceConfig              0x080012d9   Thumb Code    24  stm32h7xx_hal_cortex.o(.text.HAL_SYSTICK_CLKSourceConfig)
    HAL_SYSTICK_Config                       0x080012f1   Thumb Code    44  stm32h7xx_hal_cortex.o(.text.HAL_SYSTICK_Config)
    HAL_TIM_Base_Init                        0x08001321   Thumb Code    96  stm32h7xx_hal_tim.o(.text.HAL_TIM_Base_Init)
    HAL_TIM_Base_MspInit                     0x08001381   Thumb Code    88  tim.o(.text.HAL_TIM_Base_MspInit)
    HardFault_Handler                        0x080013d9   Thumb Code     2  stm32h7xx_it.o(.text.HardFault_Handler)
    MX_GPIO_Init                             0x080013e1   Thumb Code   204  gpio.o(.text.MX_GPIO_Init)
    MX_TIM13_Init                            0x080014b1   Thumb Code    58  tim.o(.text.MX_TIM13_Init)
    MX_TIM14_Init                            0x080014f1   Thumb Code    58  tim.o(.text.MX_TIM14_Init)
    MemManage_Handler                        0x08001531   Thumb Code     2  stm32h7xx_it.o(.text.MemManage_Handler)
    NMI_Handler                              0x08001539   Thumb Code     2  stm32h7xx_it.o(.text.NMI_Handler)
    PendSV_Handler                           0x08001541   Thumb Code     2  stm32h7xx_it.o(.text.PendSV_Handler)
    SVC_Handler                              0x08001549   Thumb Code     2  stm32h7xx_it.o(.text.SVC_Handler)
    SysTick_Handler                          0x08001551   Thumb Code     4  stm32h7xx_it.o(.text.SysTick_Handler)
    SystemClock_Config                       0x08001559   Thumb Code   178  main.o(.text.SystemClock_Config)
    SystemInit                               0x08001611   Thumb Code   176  system_stm32h7xx.o(.text.SystemInit)
    TIM_Base_SetConfig                       0x080016c1   Thumb Code   356  stm32h7xx_hal_tim.o(.text.TIM_Base_SetConfig)
    UsageFault_Handler                       0x08001829   Thumb Code     2  stm32h7xx_it.o(.text.UsageFault_Handler)
    delay_init                               0x08001831   Thumb Code    22  delay.o(.text.delay_init)
    delay_us                                 0x08001849   Thumb Code    74  delay.o(.text.delay_us)
    main                                     0x08001899   Thumb Code   480  main.o(.text.main)
    _fp_init                                 0x08001a89   Thumb Code    26  fpinit.o(x$fpl$fpinit)
    __fplib_config_fpu_vfp                   0x08001aa1   Thumb Code     0  fpinit.o(x$fpl$fpinit)
    __fplib_config_pureend_doubles           0x08001aa1   Thumb Code     0  fpinit.o(x$fpl$fpinit)
    D1CorePrescTable                         0x08001aa2   Data          16  system_stm32h7xx.o(.rodata.D1CorePrescTable)
    Region$$Table$$Base                      0x08001ab4   Number         0  anon$$obj.o(Region$$Table)
    Region$$Table$$Limit                     0x08001ae4   Number         0  anon$$obj.o(Region$$Table)
    SystemCoreClock                          0x24000000   Data           4  system_stm32h7xx.o(.data.SystemCoreClock)
    SystemD2Clock                            0x24000004   Data           4  system_stm32h7xx.o(.data.SystemD2Clock)
    uwTickFreq                               0x24000008   Data           1  stm32h7xx_hal.o(.data.uwTickFreq)
    uwTickPrio                               0x2400000c   Data           4  stm32h7xx_hal.o(.data.uwTickPrio)
    __libspace_start                         0x24000010   Data          96  libspace.o(.bss)
    __temporary_stack_top$libspace           0x24000070   Data           0  libspace.o(.bss)
    cur_time_ms                              0x24000070   Data           4  main.o(.bss.cur_time_ms)
    cur_time_us                              0x24000074   Data           4  main.o(.bss.cur_time_us)
    distance                                 0x24000078   Data           4  main.o(.bss.distance)
    echo_time                                0x2400007c   Data           4  main.o(.bss.echo_time)
    echo_time_ms                             0x24000080   Data           4  main.o(.bss.echo_time_ms)
    echo_time_us                             0x24000084   Data           4  main.o(.bss.echo_time_us)
    error_count                              0x24000088   Data           8  main.o(.bss.error_count)
    htim13                                   0x24000094   Data          76  tim.o(.bss.htim13)
    htim14                                   0x240000e0   Data          76  tim.o(.bss.htim14)
    reload_debug                             0x2400012c   Data           4  delay.o(.bss.reload_debug)
    start_time_ms                            0x24000130   Data           4  main.o(.bss.start_time_ms)
    start_time_us                            0x24000134   Data           4  main.o(.bss.start_time_us)
    state                                    0x24000138   Data           1  main.o(.bss.state)
    success_count                            0x24000140   Data           8  main.o(.bss.success_count)
    uwTick                                   0x24000148   Data           4  stm32h7xx_hal.o(.bss.uwTick)



==============================================================================

Memory Map of the image

  Image Entry point : 0x080002cd

  Load Region LR_IROM1 (Base: 0x08000000, Size: 0x00001af8, Max: 0x00100000, ABSOLUTE)

    Execution Region ER_IROM1 (Exec base: 0x08000000, Load base: 0x08000000, Size: 0x00001ae4, Max: 0x00100000, ABSOLUTE)

    Exec Addr    Load Addr    Size         Type   Attr      Idx    E Section Name        Object

    0x08000000   0x08000000   0x000002cc   Data   RO            3    RESET               startup_stm32h723xx.o
    0x080002cc   0x080002cc   0x00000008   Code   RO         1294  * !!!main             c_w.l(__main.o)
    0x080002d4   0x080002d4   0x0000005c   Code   RO         1459    !!!scatter          c_w.l(__scatter.o)
    0x08000330   0x08000330   0x0000001a   Code   RO         1463    !!handler_copy      c_w.l(__scatter_copy.o)
    0x0800034a   0x0800034a   0x00000002   PAD
    0x0800034c   0x0800034c   0x00000002   Code   RO         1460    !!handler_null      c_w.l(__scatter.o)
    0x0800034e   0x0800034e   0x00000002   PAD
    0x08000350   0x08000350   0x0000001c   Code   RO         1465    !!handler_zi        c_w.l(__scatter_zi.o)
    0x0800036c   0x0800036c   0x00000002   Code   RO         1321    .ARM.Collect$$libinit$$00000000  c_w.l(libinit.o)
    0x0800036e   0x0800036e   0x00000004   Code   RO         1327    .ARM.Collect$$libinit$$00000001  c_w.l(libinit2.o)
    0x08000372   0x08000372   0x00000000   Code   RO         1330    .ARM.Collect$$libinit$$00000004  c_w.l(libinit2.o)
    0x08000372   0x08000372   0x00000000   Code   RO         1332    .ARM.Collect$$libinit$$00000006  c_w.l(libinit2.o)
    0x08000372   0x08000372   0x00000000   Code   RO         1335    .ARM.Collect$$libinit$$0000000C  c_w.l(libinit2.o)
    0x08000372   0x08000372   0x00000000   Code   RO         1337    .ARM.Collect$$libinit$$0000000E  c_w.l(libinit2.o)
    0x08000372   0x08000372   0x00000000   Code   RO         1339    .ARM.Collect$$libinit$$00000010  c_w.l(libinit2.o)
    0x08000372   0x08000372   0x00000000   Code   RO         1342    .ARM.Collect$$libinit$$00000013  c_w.l(libinit2.o)
    0x08000372   0x08000372   0x00000000   Code   RO         1344    .ARM.Collect$$libinit$$00000015  c_w.l(libinit2.o)
    0x08000372   0x08000372   0x00000000   Code   RO         1346    .ARM.Collect$$libinit$$00000017  c_w.l(libinit2.o)
    0x08000372   0x08000372   0x00000000   Code   RO         1348    .ARM.Collect$$libinit$$00000019  c_w.l(libinit2.o)
    0x08000372   0x08000372   0x00000000   Code   RO         1350    .ARM.Collect$$libinit$$0000001B  c_w.l(libinit2.o)
    0x08000372   0x08000372   0x00000000   Code   RO         1352    .ARM.Collect$$libinit$$0000001D  c_w.l(libinit2.o)
    0x08000372   0x08000372   0x00000000   Code   RO         1354    .ARM.Collect$$libinit$$0000001F  c_w.l(libinit2.o)
    0x08000372   0x08000372   0x00000000   Code   RO         1356    .ARM.Collect$$libinit$$00000021  c_w.l(libinit2.o)
    0x08000372   0x08000372   0x00000000   Code   RO         1358    .ARM.Collect$$libinit$$00000023  c_w.l(libinit2.o)
    0x08000372   0x08000372   0x00000000   Code   RO         1360    .ARM.Collect$$libinit$$00000025  c_w.l(libinit2.o)
    0x08000372   0x08000372   0x00000000   Code   RO         1362    .ARM.Collect$$libinit$$00000027  c_w.l(libinit2.o)
    0x08000372   0x08000372   0x00000000   Code   RO         1366    .ARM.Collect$$libinit$$0000002E  c_w.l(libinit2.o)
    0x08000372   0x08000372   0x00000000   Code   RO         1368    .ARM.Collect$$libinit$$00000030  c_w.l(libinit2.o)
    0x08000372   0x08000372   0x00000000   Code   RO         1370    .ARM.Collect$$libinit$$00000032  c_w.l(libinit2.o)
    0x08000372   0x08000372   0x00000000   Code   RO         1372    .ARM.Collect$$libinit$$00000034  c_w.l(libinit2.o)
    0x08000372   0x08000372   0x00000002   Code   RO         1373    .ARM.Collect$$libinit$$00000035  c_w.l(libinit2.o)
    0x08000374   0x08000374   0x00000002   Code   RO         1395    .ARM.Collect$$libshutdown$$00000000  c_w.l(libshutdown.o)
    0x08000376   0x08000376   0x00000000   Code   RO         1410    .ARM.Collect$$libshutdown$$00000002  c_w.l(libshutdown2.o)
    0x08000376   0x08000376   0x00000000   Code   RO         1412    .ARM.Collect$$libshutdown$$00000004  c_w.l(libshutdown2.o)
    0x08000376   0x08000376   0x00000000   Code   RO         1415    .ARM.Collect$$libshutdown$$00000007  c_w.l(libshutdown2.o)
    0x08000376   0x08000376   0x00000000   Code   RO         1418    .ARM.Collect$$libshutdown$$0000000A  c_w.l(libshutdown2.o)
    0x08000376   0x08000376   0x00000000   Code   RO         1420    .ARM.Collect$$libshutdown$$0000000C  c_w.l(libshutdown2.o)
    0x08000376   0x08000376   0x00000000   Code   RO         1423    .ARM.Collect$$libshutdown$$0000000F  c_w.l(libshutdown2.o)
    0x08000376   0x08000376   0x00000002   Code   RO         1424    .ARM.Collect$$libshutdown$$00000010  c_w.l(libshutdown2.o)
    0x08000378   0x08000378   0x00000000   Code   RO         1296    .ARM.Collect$$rtentry$$00000000  c_w.l(__rtentry.o)
    0x08000378   0x08000378   0x00000000   Code   RO         1298    .ARM.Collect$$rtentry$$00000002  c_w.l(__rtentry2.o)
    0x08000378   0x08000378   0x00000006   Code   RO         1310    .ARM.Collect$$rtentry$$00000004  c_w.l(__rtentry4.o)
    0x0800037e   0x0800037e   0x00000000   Code   RO         1300    .ARM.Collect$$rtentry$$00000009  c_w.l(__rtentry2.o)
    0x0800037e   0x0800037e   0x00000004   Code   RO         1301    .ARM.Collect$$rtentry$$0000000A  c_w.l(__rtentry2.o)
    0x08000382   0x08000382   0x00000000   Code   RO         1303    .ARM.Collect$$rtentry$$0000000C  c_w.l(__rtentry2.o)
    0x08000382   0x08000382   0x00000008   Code   RO         1304    .ARM.Collect$$rtentry$$0000000D  c_w.l(__rtentry2.o)
    0x0800038a   0x0800038a   0x00000002   Code   RO         1325    .ARM.Collect$$rtexit$$00000000  c_w.l(rtexit.o)
    0x0800038c   0x0800038c   0x00000000   Code   RO         1375    .ARM.Collect$$rtexit$$00000002  c_w.l(rtexit2.o)
    0x0800038c   0x0800038c   0x00000004   Code   RO         1376    .ARM.Collect$$rtexit$$00000003  c_w.l(rtexit2.o)
    0x08000390   0x08000390   0x00000006   Code   RO         1377    .ARM.Collect$$rtexit$$00000004  c_w.l(rtexit2.o)
    0x08000396   0x08000396   0x00000002   PAD
    0x08000398   0x08000398   0x00000040   Code   RO            4    .text               startup_stm32h723xx.o
    0x080003d8   0x080003d8   0x0000004e   Code   RO         1290    .text               c_w.l(rt_memclr_w.o)
    0x08000426   0x08000426   0x00000006   Code   RO         1292    .text               c_w.l(heapauxi.o)
    0x0800042c   0x0800042c   0x0000004a   Code   RO         1312    .text               c_w.l(sys_stackheap_outer.o)
    0x08000476   0x08000476   0x00000012   Code   RO         1314    .text               c_w.l(exit.o)
    0x08000488   0x08000488   0x00000008   Code   RO         1322    .text               c_w.l(libspace.o)
    0x08000490   0x08000490   0x0000000c   Code   RO         1385    .text               c_w.l(sys_exit.o)
    0x0800049c   0x0800049c   0x00000002   Code   RO         1400    .text               c_w.l(use_no_semi.o)
    0x0800049e   0x0800049e   0x00000000   Code   RO         1402    .text               c_w.l(indicate_semi.o)
    0x0800049e   0x0800049e   0x00000002   PAD
    0x080004a0   0x080004a0   0x00000002   Code   RO           78    .text.BusFault_Handler  stm32h7xx_it.o
    0x080004a2   0x080004a2   0x00000006   PAD
    0x080004a8   0x080004a8   0x00000002   Code   RO           84    .text.DebugMon_Handler  stm32h7xx_it.o
    0x080004aa   0x080004aa   0x00000006   PAD
    0x080004b0   0x080004b0   0x0000000a   Code   RO           21    .text.Error_Handler  main.o
    0x080004ba   0x080004ba   0x00000006   PAD
    0x080004c0   0x080004c0   0x000000a6   Code   RO         1277    .text.HAL_Delay     delay.o
    0x08000566   0x08000566   0x00000002   PAD
    0x08000568   0x08000568   0x000001a2   Code   RO          318    .text.HAL_GPIO_Init  stm32h7xx_hal_gpio.o
    0x0800070a   0x0800070a   0x00000006   PAD
    0x08000710   0x08000710   0x0000000a   Code   RO          322    .text.HAL_GPIO_ReadPin  stm32h7xx_hal_gpio.o
    0x0800071a   0x0800071a   0x00000006   PAD
    0x08000720   0x08000720   0x0000000a   Code   RO          324    .text.HAL_GPIO_WritePin  stm32h7xx_hal_gpio.o
    0x0800072a   0x0800072a   0x00000006   PAD
    0x08000730   0x08000730   0x0000000c   Code   RO          618    .text.HAL_GetTick   stm32h7xx_hal.o
    0x0800073c   0x0800073c   0x00000004   PAD
    0x08000740   0x08000740   0x0000001a   Code   RO          616    .text.HAL_IncTick   stm32h7xx_hal.o
    0x0800075a   0x0800075a   0x00000006   PAD
    0x08000760   0x08000760   0x00000064   Code   RO          606    .text.HAL_Init      stm32h7xx_hal.o
    0x080007c4   0x080007c4   0x00000004   PAD
    0x080007c8   0x080007c8   0x00000058   Code   RO          608    .text.HAL_InitTick  stm32h7xx_hal.o
    0x08000820   0x08000820   0x0000005e   Code   RO          127    .text.HAL_MPU_ConfigRegion  stm32h7xx_hal_cortex.o
    0x0800087e   0x0800087e   0x00000002   PAD
    0x08000880   0x08000880   0x0000001a   Code   RO          119    .text.HAL_MPU_Disable  stm32h7xx_hal_cortex.o
    0x0800089a   0x0800089a   0x00000006   PAD
    0x080008a0   0x080008a0   0x00000020   Code   RO          121    .text.HAL_MPU_Enable  stm32h7xx_hal_cortex.o
    0x080008c0   0x080008c0   0x00000020   Code   RO           97    .text.HAL_MspInit   stm32h7xx_hal_msp.o
    0x080008e0   0x080008e0   0x0000005a   Code   RO          107    .text.HAL_NVIC_SetPriority  stm32h7xx_hal_cortex.o
    0x0800093a   0x0800093a   0x00000006   PAD
    0x08000940   0x08000940   0x00000020   Code   RO          105    .text.HAL_NVIC_SetPriorityGrouping  stm32h7xx_hal_cortex.o
    0x08000960   0x08000960   0x00000048   Code   RO          522    .text.HAL_PWREx_ConfigSupply  stm32h7xx_hal_pwr_ex.o
    0x080009a8   0x080009a8   0x0000024a   Code   RO          161    .text.HAL_RCC_ClockConfig  stm32h7xx_hal_rcc.o
    0x08000bf2   0x08000bf2   0x00000006   PAD
    0x08000bf8   0x08000bf8   0x0000010c   Code   RO          163    .text.HAL_RCC_GetSysClockFreq  stm32h7xx_hal_rcc.o
    0x08000d04   0x08000d04   0x00000004   PAD
    0x08000d08   0x08000d08   0x000005ce   Code   RO          159    .text.HAL_RCC_OscConfig  stm32h7xx_hal_rcc.o
    0x080012d6   0x080012d6   0x00000002   PAD
    0x080012d8   0x080012d8   0x00000018   Code   RO          141    .text.HAL_SYSTICK_CLKSourceConfig  stm32h7xx_hal_cortex.o
    0x080012f0   0x080012f0   0x0000002c   Code   RO          117    .text.HAL_SYSTICK_Config  stm32h7xx_hal_cortex.o
    0x0800131c   0x0800131c   0x00000004   PAD
    0x08001320   0x08001320   0x00000060   Code   RO          925    .text.HAL_TIM_Base_Init  stm32h7xx_hal_tim.o
    0x08001380   0x08001380   0x00000058   Code   RO           58    .text.HAL_TIM_Base_MspInit  tim.o
    0x080013d8   0x080013d8   0x00000002   Code   RO           74    .text.HardFault_Handler  stm32h7xx_it.o
    0x080013da   0x080013da   0x00000006   PAD
    0x080013e0   0x080013e0   0x000000cc   Code   RO           44    .text.MX_GPIO_Init  gpio.o
    0x080014ac   0x080014ac   0x00000004   PAD
    0x080014b0   0x080014b0   0x0000003a   Code   RO           54    .text.MX_TIM13_Init  tim.o
    0x080014ea   0x080014ea   0x00000006   PAD
    0x080014f0   0x080014f0   0x0000003a   Code   RO           56    .text.MX_TIM14_Init  tim.o
    0x0800152a   0x0800152a   0x00000006   PAD
    0x08001530   0x08001530   0x00000002   Code   RO           76    .text.MemManage_Handler  stm32h7xx_it.o
    0x08001532   0x08001532   0x00000006   PAD
    0x08001538   0x08001538   0x00000002   Code   RO           72    .text.NMI_Handler   stm32h7xx_it.o
    0x0800153a   0x0800153a   0x00000006   PAD
    0x08001540   0x08001540   0x00000002   Code   RO           86    .text.PendSV_Handler  stm32h7xx_it.o
    0x08001542   0x08001542   0x00000006   PAD
    0x08001548   0x08001548   0x00000002   Code   RO           82    .text.SVC_Handler   stm32h7xx_it.o
    0x0800154a   0x0800154a   0x00000006   PAD
    0x08001550   0x08001550   0x00000004   Code   RO           88    .text.SysTick_Handler  stm32h7xx_it.o
    0x08001554   0x08001554   0x00000004   PAD
    0x08001558   0x08001558   0x000000b2   Code   RO           13    .text.SystemClock_Config  main.o
    0x0800160a   0x0800160a   0x00000006   PAD
    0x08001610   0x08001610   0x000000b0   Code   RO         1256    .text.SystemInit    system_stm32h7xx.o
    0x080016c0   0x080016c0   0x00000164   Code   RO          929    .text.TIM_Base_SetConfig  stm32h7xx_hal_tim.o
    0x08001824   0x08001824   0x00000004   PAD
    0x08001828   0x08001828   0x00000002   Code   RO           80    .text.UsageFault_Handler  stm32h7xx_it.o
    0x0800182a   0x0800182a   0x00000006   PAD
    0x08001830   0x08001830   0x00000016   Code   RO         1271    .text.delay_init    delay.o
    0x08001846   0x08001846   0x00000002   PAD
    0x08001848   0x08001848   0x0000004a   Code   RO         1273    .text.delay_us      delay.o
    0x08001892   0x08001892   0x00000006   PAD
    0x08001898   0x08001898   0x000001f0   Code   RO           11    .text.main          main.o
    0x08001a88   0x08001a88   0x0000001a   Code   RO         1383    x$fpl$fpinit        fz_wv.l(fpinit.o)
    0x08001aa2   0x08001aa2   0x00000010   Data   RO         1262    .rodata.D1CorePrescTable  system_stm32h7xx.o
    0x08001ab2   0x08001ab2   0x00000002   PAD
    0x08001ab4   0x08001ab4   0x00000030   Data   RO         1458    Region$$Table       anon$$obj.o


    Execution Region RW_IRAM1 (Exec base: 0x20000000, Load base: 0x08001ae4, Size: 0x00000400, Max: 0x00020000, ABSOLUTE)

    Exec Addr    Load Addr    Size         Type   Attr      Idx    E Section Name        Object

    0x20000000        -       0x00000400   Zero   RW            1    STACK               startup_stm32h723xx.o


    Execution Region RW_IRAM2 (Exec base: 0x24000000, Load base: 0x08001ae8, Size: 0x00000350, Max: 0x00020000, ABSOLUTE)

    Exec Addr    Load Addr    Size         Type   Attr      Idx    E Section Name        Object

    0x24000000   0x08001ae8   0x00000004   Data   RW         1260    .data.SystemCoreClock  system_stm32h7xx.o
    0x24000004   0x08001aec   0x00000004   Data   RW         1261    .data.SystemD2Clock  system_stm32h7xx.o
    0x24000008   0x08001af0   0x00000001   Data   RW          715    .data.uwTickFreq    stm32h7xx_hal.o
    0x24000009   0x08001af1   0x00000003   PAD
    0x2400000c   0x08001af4   0x00000004   Data   RW          714    .data.uwTickPrio    stm32h7xx_hal.o
    0x24000010        -       0x00000060   Zero   RW         1323    .bss                c_w.l(libspace.o)
    0x24000070        -       0x00000004   Zero   RW           28    .bss.cur_time_ms    main.o
    0x24000074        -       0x00000004   Zero   RW           29    .bss.cur_time_us    main.o
    0x24000078        -       0x00000004   Zero   RW           33    .bss.distance       main.o
    0x2400007c        -       0x00000004   Zero   RW           32    .bss.echo_time      main.o
    0x24000080        -       0x00000004   Zero   RW           30    .bss.echo_time_ms   main.o
    0x24000084        -       0x00000004   Zero   RW           31    .bss.echo_time_us   main.o
    0x24000088        -       0x00000008   Zero   RW           24    .bss.error_count    main.o
    0x24000090        -       0x00000004   Zero   RW         1279    .bss.g_fac_us       delay.o
    0x24000094        -       0x0000004c   Zero   RW           62    .bss.htim13         tim.o
    0x240000e0        -       0x0000004c   Zero   RW           63    .bss.htim14         tim.o
    0x2400012c        -       0x00000004   Zero   RW         1280    .bss.reload_debug   delay.o
    0x24000130        -       0x00000004   Zero   RW           26    .bss.start_time_ms  main.o
    0x24000134        -       0x00000004   Zero   RW           27    .bss.start_time_us  main.o
    0x24000138        -       0x00000001   Zero   RW           23    .bss.state          main.o
    0x24000139   0x08001af8   0x00000007   PAD
    0x24000140        -       0x00000008   Zero   RW           25    .bss.success_count  main.o
    0x24000148        -       0x00000004   Zero   RW          716    .bss.uwTick         stm32h7xx_hal.o
    0x2400014c   0x08001af8   0x00000004   PAD
    0x24000150        -       0x00000200   Zero   RW            2    HEAP                startup_stm32h723xx.o


==============================================================================

Image component sizes


      Code (inc. data)   RO Data    RW Data    ZI Data      Debug   Object Name

       262          0          0          0          8       3403   delay.o
       204          0          0          0          0       2998   gpio.o
       684         16          0          0         49       5015   main.o
        64         26        716          0       1536        836   startup_stm32h723xx.o
       226          0          0          5          4      15872   stm32h7xx_hal.o
       342          0          0          0          0      12389   stm32h7xx_hal_cortex.o
       438          0          0          0          0       6937   stm32h7xx_hal_gpio.o
        32          0          0          0          0       2211   stm32h7xx_hal_msp.o
        72          0          0          0          0       9557   stm32h7xx_hal_pwr_ex.o
      2340         16          0          0          0      11261   stm32h7xx_hal_rcc.o
       452          0          0          0          0      67106   stm32h7xx_hal_tim.o
        20          0          0          0          0       1133   stm32h7xx_it.o
       176          0         16          8          0       5252   system_stm32h7xx.o
       204          0          0          0        152       6429   tim.o

    ----------------------------------------------------------------------
      5672         62        782         16       1760     150399   Object Totals
         0          0         48          0          0          0   (incl. Generated)
       156          4          2          3         11          0   (incl. Padding)

    ----------------------------------------------------------------------

      Code (inc. data)   RO Data    RW Data    ZI Data      Debug   Library Member Name

         8          0          0          0          0         68   __main.o
         0          0          0          0          0          0   __rtentry.o
        12          0          0          0          0          0   __rtentry2.o
         6          0          0          0          0          0   __rtentry4.o
        94          8          0          0          0          0   __scatter.o
        26          0          0          0          0          0   __scatter_copy.o
        28          0          0          0          0          0   __scatter_zi.o
        18          0          0          0          0         80   exit.o
         6          0          0          0          0        152   heapauxi.o
         0          0          0          0          0          0   indicate_semi.o
         2          0          0          0          0          0   libinit.o
         6          0          0          0          0          0   libinit2.o
         2          0          0          0          0          0   libshutdown.o
         2          0          0          0          0          0   libshutdown2.o
         8          4          0          0         96         68   libspace.o
        78          0          0          0          0         80   rt_memclr_w.o
         2          0          0          0          0          0   rtexit.o
        10          0          0          0          0          0   rtexit2.o
        12          4          0          0          0         68   sys_exit.o
        74          0          0          0          0         80   sys_stackheap_outer.o
         2          0          0          0          0         68   use_no_semi.o
        26          0          0          0          0        116   fpinit.o

    ----------------------------------------------------------------------
       430         16          0          0         96        780   Library Totals
         8          0          0          0          0          0   (incl. Padding)

    ----------------------------------------------------------------------

      Code (inc. data)   RO Data    RW Data    ZI Data      Debug   Library Name

       396         16          0          0         96        664   c_w.l
        26          0          0          0          0        116   fz_wv.l

    ----------------------------------------------------------------------
       430         16          0          0         96        780   Library Totals

    ----------------------------------------------------------------------

==============================================================================


      Code (inc. data)   RO Data    RW Data    ZI Data      Debug   

      6102         78        782         16       1856     150799   Grand Totals
      6102         78        782         16       1856     150799   ELF Image Totals
      6102         78        782         16          0          0   ROM Totals

==============================================================================

    Total RO  Size (Code + RO Data)                 6884 (   6.72kB)
    Total RW  Size (RW Data + ZI Data)              1872 (   1.83kB)
    Total ROM Size (Code + RO Data + RW Data)       6900 (   6.74kB)

==============================================================================

